Component: ARM Compiler 5.06 update 6 (build 750) Tool: armlink [4d35ed]

==============================================================================

Section Cross References

    startup_stm32g031xx.o(STACK) refers (Special) to heapauxi.o(.text) for __use_two_region_memory
    startup_stm32g031xx.o(HEAP) refers (Special) to heapauxi.o(.text) for __use_two_region_memory
    startup_stm32g031xx.o(RESET) refers (Special) to heapauxi.o(.text) for __use_two_region_memory
    startup_stm32g031xx.o(RESET) refers to startup_stm32g031xx.o(STACK) for __initial_sp
    startup_stm32g031xx.o(RESET) refers to startup_stm32g031xx.o(.text) for Reset_Handler
    startup_stm32g031xx.o(RESET) refers to stm32g0xx_it.o(i.NMI_Handler) for NMI_Handler
    startup_stm32g031xx.o(RESET) refers to stm32g0xx_it.o(i.HardFault_Handler) for HardFault_Handler
    startup_stm32g031xx.o(RESET) refers to stm32g0xx_it.o(i.SVC_Handler) for SVC_Handler
    startup_stm32g031xx.o(RESET) refers to stm32g0xx_it.o(i.PendSV_Handler) for PendSV_Handler
    startup_stm32g031xx.o(RESET) refers to stm32g0xx_it.o(i.SysTick_Handler) for SysTick_Handler
    startup_stm32g031xx.o(RESET) refers to stm32g0xx_it.o(i.TIM2_IRQHandler) for TIM2_IRQHandler
    startup_stm32g031xx.o(.text) refers (Special) to heapauxi.o(.text) for __use_two_region_memory
    startup_stm32g031xx.o(.text) refers to system_stm32g0xx.o(i.SystemInit) for SystemInit
    startup_stm32g031xx.o(.text) refers to __main.o(!!!main) for __main
    startup_stm32g031xx.o(.text) refers to startup_stm32g031xx.o(HEAP) for Heap_Mem
    startup_stm32g031xx.o(.text) refers to startup_stm32g031xx.o(STACK) for Stack_Mem
    main.o(i.MX_GPIO_Init) refers to rt_memclr.o(.text) for __aeabi_memclr4
    main.o(i.MX_GPIO_Init) refers to stm32g0xx_hal_gpio.o(i.HAL_GPIO_WritePin) for HAL_GPIO_WritePin
    main.o(i.MX_GPIO_Init) refers to stm32g0xx_hal_gpio.o(i.HAL_GPIO_Init) for HAL_GPIO_Init
    main.o(i.MX_I2C1_Init) refers to stm32g0xx_hal_i2c.o(i.HAL_I2C_Init) for HAL_I2C_Init
    main.o(i.MX_I2C1_Init) refers to stm32g0xx_hal_i2c_ex.o(i.HAL_I2CEx_ConfigAnalogFilter) for HAL_I2CEx_ConfigAnalogFilter
    main.o(i.MX_I2C1_Init) refers to stm32g0xx_hal_i2c_ex.o(i.HAL_I2CEx_ConfigDigitalFilter) for HAL_I2CEx_ConfigDigitalFilter
    main.o(i.MX_I2C1_Init) refers to main.o(.bss) for .bss
    main.o(i.MX_I2C2_Init) refers to stm32g0xx_hal_i2c.o(i.HAL_I2C_Init) for HAL_I2C_Init
    main.o(i.MX_I2C2_Init) refers to stm32g0xx_hal_i2c_ex.o(i.HAL_I2CEx_ConfigAnalogFilter) for HAL_I2CEx_ConfigAnalogFilter
    main.o(i.MX_I2C2_Init) refers to stm32g0xx_hal_i2c_ex.o(i.HAL_I2CEx_ConfigDigitalFilter) for HAL_I2CEx_ConfigDigitalFilter
    main.o(i.MX_I2C2_Init) refers to main.o(.bss) for .bss
    main.o(i.MX_TIM2_Init) refers to rt_memclr.o(.text) for __aeabi_memclr4
    main.o(i.MX_TIM2_Init) refers to stm32g0xx_hal_tim.o(i.HAL_TIM_IC_Init) for HAL_TIM_IC_Init
    main.o(i.MX_TIM2_Init) refers to stm32g0xx_hal_tim.o(i.HAL_TIM_PWM_Init) for HAL_TIM_PWM_Init
    main.o(i.MX_TIM2_Init) refers to stm32g0xx_hal_tim_ex.o(i.HAL_TIMEx_MasterConfigSynchronization) for HAL_TIMEx_MasterConfigSynchronization
    main.o(i.MX_TIM2_Init) refers to stm32g0xx_hal_tim.o(i.HAL_TIM_IC_ConfigChannel) for HAL_TIM_IC_ConfigChannel
    main.o(i.MX_TIM2_Init) refers to stm32g0xx_hal_tim.o(i.HAL_TIM_PWM_ConfigChannel) for HAL_TIM_PWM_ConfigChannel
    main.o(i.MX_TIM2_Init) refers to stm32g0xx_hal_msp.o(i.HAL_TIM_MspPostInit) for HAL_TIM_MspPostInit
    main.o(i.MX_TIM2_Init) refers to main.o(.bss) for .bss
    main.o(i.SystemClock_Config) refers to rt_memclr.o(.text) for __aeabi_memclr4
    main.o(i.SystemClock_Config) refers to stm32g0xx_hal_pwr_ex.o(i.HAL_PWREx_ControlVoltageScaling) for HAL_PWREx_ControlVoltageScaling
    main.o(i.SystemClock_Config) refers to stm32g0xx_hal_rcc.o(i.HAL_RCC_OscConfig) for HAL_RCC_OscConfig
    main.o(i.SystemClock_Config) refers to stm32g0xx_hal_rcc.o(i.HAL_RCC_ClockConfig) for HAL_RCC_ClockConfig
    main.o(i.main) refers to stm32g0xx_hal.o(i.HAL_Init) for HAL_Init
    main.o(i.main) refers to main.o(i.SystemClock_Config) for SystemClock_Config
    main.o(i.main) refers to main.o(i.MX_GPIO_Init) for MX_GPIO_Init
    main.o(i.main) refers to main.o(i.MX_I2C1_Init) for MX_I2C1_Init
    main.o(i.main) refers to main.o(i.MX_I2C2_Init) for MX_I2C2_Init
    main.o(i.main) refers to main.o(i.MX_TIM2_Init) for MX_TIM2_Init
    main.o(i.main) refers to watchdog_kick.o(i.WDI_Init) for WDI_Init
    main.o(i.main) refers to throttle.o(i.Throttle_Init) for Throttle_Init
    main.o(i.main) refers to altimeter_fsm.o(i.FSM_Init) for FSM_Init
    main.o(i.main) refers to throttle.o(i.Throttle_Process) for Throttle_Process
    main.o(i.main) refers to button.o(i.Button_Process) for Button_Process
    main.o(i.main) refers to altimeter_fsm.o(i.FSM_Tick) for FSM_Tick
    main.o(i.main) refers to watchdog_kick.o(i.WDI_Kick) for WDI_Kick
[...]
    i.FLASH_WaitForLastOperation             0x08001774   Section        0  stm32g0xx_hal_flash.o(i.FLASH_WaitForLastOperation)
    i.FSM_Init                               0x080017dc   Section        0  altimeter_fsm.o(i.FSM_Init)
    i.FSM_Tick                               0x0800183c   Section        0  altimeter_fsm.o(i.FSM_Tick)
    i.FormatInt                              0x080019d0   Section        0  altimeter_fsm.o(i.FormatInt)
    FormatInt                                0x080019d1   Thumb Code    12  altimeter_fsm.o(i.FormatInt)
    i.FormatMmSs                             0x080019e0   Section        0  altimeter_fsm.o(i.FormatMmSs)
    FormatMmSs                               0x080019e1   Thumb Code    36  altimeter_fsm.o(i.FormatMmSs)
    i.HAL_Delay                              0x08001a10   Section        0  stm32g0xx_hal.o(i.HAL_Delay)
    i.HAL_FLASHEx_Erase                      0x08001a34   Section        0  stm32g0xx_hal_flash_ex.o(i.HAL_FLASHEx_Erase)
    i.HAL_FLASH_Lock                         0x08001abc   Section        0  stm32g0xx_hal_flash.o(i.HAL_FLASH_Lock)
    i.HAL_FLASH_Program                      0x08001ae4   Section        0  stm32g0xx_hal_flash.o(i.HAL_FLASH_Program)
    i.HAL_FLASH_Unlock                       0x08001b44   Section        0  stm32g0xx_hal_flash.o(i.HAL_FLASH_Unlock)
    i.HAL_GPIO_Init                          0x08001b6c   Section        0  stm32g0xx_hal_gpio.o(i.HAL_GPIO_Init)
    i.HAL_GPIO_ReadPin                       0x08001cc8   Section        0  stm32g0xx_hal_gpio.o(i.HAL_GPIO_ReadPin)
    i.HAL_GPIO_TogglePin                     0x08001cd2   Section        0  stm32g0xx_hal_gpio.o(i.HAL_GPIO_TogglePin)
    i.HAL_GPIO_WritePin                      0x08001ce2   Section        0  stm32g0xx_hal_gpio.o(i.HAL_GPIO_WritePin)
    i.HAL_GetTick                            0x08001cf0   Section        0  stm32g0xx_hal.o(i.HAL_GetTick)
    i.HAL_I2CEx_ConfigAnalogFilter           0x08001cfc   Section        0  stm32g0xx_hal_i2c_ex.o(i.HAL_I2CEx_ConfigAnalogFilter)
    i.HAL_I2CEx_ConfigDigitalFilter          0x08001d46   Section        0  stm32g0xx_hal_i2c_ex.o(i.HAL_I2CEx_ConfigDigitalFilter)
    i.HAL_I2C_Init                           0x08001d90   Section        0  stm32g0xx_hal_i2c.o(i.HAL_I2C_Init)
    i.HAL_I2C_Mem_Read                       0x08001e4c   Section        0  stm32g0xx_hal_i2c.o(i.HAL_I2C_Mem_Read)
    i.HAL_I2C_Mem_Write                      0x08001fa0   Section        0  stm32g0xx_hal_i2c.o(i.HAL_I2C_Mem_Write)
    i.HAL_I2C_MspInit                        0x080020ec   Section        0  stm32g0xx_hal_msp.o(i.HAL_I2C_MspInit)
    i.HAL_IncTick                            0x080021a0   Section        0  stm32g0xx_hal.o(i.HAL_IncTick)
    i.HAL_Init                               0x080021b0   Section        0  stm32g0xx_hal.o(i.HAL_Init)
    i.HAL_InitTick                           0x080021d8   Section        0  stm32g0xx_hal.o(i.HAL_InitTick)
    i.HAL_MspInit                            0x08002220   Section        0  stm32g0xx_hal_msp.o(i.HAL_MspInit)
    i.HAL_NVIC_EnableIRQ                     0x0800224c   Section        0  stm32g0xx_hal_cortex.o(i.HAL_NVIC_EnableIRQ)
    i.HAL_NVIC_SetPriority                   0x08002264   Section        0  stm32g0xx_hal_cortex.o(i.HAL_NVIC_SetPriority)
    i.HAL_PWREx_ControlVoltageScaling        0x0800226c   Section        0  stm32g0xx_hal_pwr_ex.o(i.HAL_PWREx_ControlVoltageScaling)
    i.HAL_RCCEx_PeriphCLKConfig              0x080022b8   Section        0  stm32g0xx_hal_rcc_ex.o(i.HAL_RCCEx_PeriphCLKConfig)
    i.HAL_RCC_ClockConfig                    0x08002468   Section        0  stm32g0xx_hal_rcc.o(i.HAL_RCC_ClockConfig)
    i.HAL_RCC_GetSysClockFreq                0x080025c0   Section        0  stm32g0xx_hal_rcc.o(i.HAL_RCC_GetSysClockFreq)
    i.HAL_RCC_OscConfig                      0x0800264c   Section        0  stm32g0xx_hal_rcc.o(i.HAL_RCC_OscConfig)
    i.HAL_SYSTICK_Config                     0x08002a34   Section        0  stm32g0xx_hal_cortex.o(i.HAL_SYSTICK_Config)
    i.HAL_TIMEx_Break2Callback               0x08002a64   Section        0  stm32g0xx_hal_tim_ex.o(i.HAL_TIMEx_Break2Callback)
    i.HAL_TIMEx_BreakCallback                0x08002a66   Section        0  stm32g0xx_hal_tim_ex.o(i.HAL_TIMEx_BreakCallback)
    i.HAL_TIMEx_CommutCallback               0x08002a68   Section        0  stm32g0xx_hal_tim_ex.o(i.HAL_TIMEx_CommutCallback)
    i.HAL_TIMEx_MasterConfigSynchronization  0x08002a6c   Section        0  stm32g0xx_hal_tim_ex.o(i.HAL_TIMEx_MasterConfigSynchronization)
    i.HAL_TIM_IC_CaptureCallback             0x08002ad8   Section        0  throttle.o(i.HAL_TIM_IC_CaptureCallback)
    i.HAL_TIM_IC_ConfigChannel               0x08002b68   Section        0  stm32g0xx_hal_tim.o(i.HAL_TIM_IC_ConfigChannel)
    i.HAL_TIM_IC_Init                        0x08002ca8   Section        0  stm32g0xx_hal_tim.o(i.HAL_TIM_IC_Init)
    i.HAL_TIM_IC_MspInit                     0x08002cf4   Section        0  stm32g0xx_hal_msp.o(i.HAL_TIM_IC_MspInit)
    i.HAL_TIM_IC_Start_IT                    0x08002d58   Section        0  stm32g0xx_hal_tim.o(i.HAL_TIM_IC_Start_IT)
    i.HAL_TIM_IRQHandler                     0x08002e44   Section        0  stm32g0xx_hal_tim.o(i.HAL_TIM_IRQHandler)
    i.HAL_TIM_MspPostInit                    0x08002f8c   Section        0  stm32g0xx_hal_msp.o(i.HAL_TIM_MspPostInit)
    i.HAL_TIM_OC_DelayElapsedCallback        0x08002fd4   Section        0  stm32g0xx_hal_tim.o(i.HAL_TIM_OC_DelayElapsedCallback)
    i.HAL_TIM_PWM_ConfigChannel              0x08002fd6   Section        0  stm32g0xx_hal_tim.o(i.HAL_TIM_PWM_ConfigChannel)
    i.HAL_TIM_PWM_Init                       0x080030fe   Section        0  stm32g0xx_hal_tim.o(i.HAL_TIM_PWM_Init)
    i.HAL_TIM_PWM_MspInit                    0x0800314a   Section        0  stm32g0xx_hal_tim.o(i.HAL_TIM_PWM_MspInit)
    i.HAL_TIM_PWM_PulseFinishedCallback      0x0800314c   Section        0  stm32g0xx_hal_tim.o(i.HAL_TIM_PWM_PulseFinishedCallback)
    i.HAL_TIM_PWM_Start                      0x08003150   Section        0  stm32g0xx_hal_tim.o(i.HAL_TIM_PWM_Start)
    i.HAL_TIM_PeriodElapsedCallback          0x08003218   Section        0  stm32g0xx_hal_tim.o(i.HAL_TIM_PeriodElapsedCallback)
    i.HAL_TIM_ReadCapturedValue              0x0800321a   Section        0  stm32g0xx_hal_tim.o(i.HAL_TIM_ReadCapturedValue)
    i.HAL_TIM_TriggerCallback                0x08003246   Section        0  stm32g0xx_hal_tim.o(i.HAL_TIM_TriggerCallback)
    i.HardFault_Handler                      0x08003248   Section        0  stm32g0xx_it.o(i.HardFault_Handler)
    i.I2C_Flush_TXDR                         0x0800324a   Section        0  stm32g0xx_hal_i2c.o(i.I2C_Flush_TXDR)
    I2C_Flush_TXDR                           0x0800324b   Thumb Code    34  stm32g0xx_hal_i2c.o(i.I2C_Flush_TXDR)
    i.I2C_IsErrorOccurred                    0x0800326c   Section        0  stm32g0xx_hal_i2c.o(i.I2C_IsErrorOccurred)
    I2C_IsErrorOccurred                      0x0800326d   Thumb Code   266  stm32g0xx_hal_i2c.o(i.I2C_IsErrorOccurred)
    i.I2C_RequestMemoryRead                  0x0800337c   Section        0  stm32g0xx_hal_i2c.o(i.I2C_RequestMemoryRead)
    I2C_RequestMemoryRead                    0x0800337d   Thumb Code    92  stm32g0xx_hal_i2c.o(i.I2C_RequestMemoryRead)
    i.I2C_RequestMemoryWrite                 0x080033dc   Section        0  stm32g0xx_hal_i2c.o(i.I2C_RequestMemoryWrite)
    I2C_RequestMemoryWrite                   0x080033dd   Thumb Code    92  stm32g0xx_hal_i2c.o(i.I2C_RequestMemoryWrite)
    i.I2C_TransferConfig                     0x0800343c   Section        0  stm32g0xx_hal_i2c.o(i.I2C_TransferConfig)
    I2C_TransferConfig                       0x0800343d   Thumb Code    38  stm32g0xx_hal_i2c.o(i.I2C_TransferConfig)
    i.I2C_WaitOnFlagUntilTimeout             0x08003468   Section        0  stm32g0xx_hal_i2c.o(i.I2C_WaitOnFlagUntilTimeout)
    I2C_WaitOnFlagUntilTimeout               0x08003469   Thumb Code   114  stm32g0xx_hal_i2c.o(i.I2C_WaitOnFlagUntilTimeout)
    i.I2C_WaitOnSTOPFlagUntilTimeout         0x080034da   Section        0  stm32g0xx_hal_i2c.o(i.I2C_WaitOnSTOPFlagUntilTimeout)
    I2C_WaitOnSTOPFlagUntilTimeout           0x080034db   Thumb Code    86  stm32g0xx_hal_i2c.o(i.I2C_WaitOnSTOPFlagUntilTimeout)
    i.I2C_WaitOnTXISFlagUntilTimeout         0x08003530   Section        0  stm32g0xx_hal_i2c.o(i.I2C_WaitOnTXISFlagUntilTimeout)
    I2C_WaitOnTXISFlagUntilTimeout           0x08003531   Thumb Code    90  stm32g0xx_hal_i2c.o(i.I2C_WaitOnTXISFlagUntilTimeout)
    i.MX_GPIO_Init                           0x0800358c   Section        0  main.o(i.MX_GPIO_Init)
    MX_GPIO_Init                             0x0800358d   Thumb Code    94  main.o(i.MX_GPIO_Init)
    i.MX_I2C1_Init                           0x080035f4   Section        0  main.o(i.MX_I2C1_Init)
    MX_I2C1_Init                             0x080035f5   Thumb Code    76  main.o(i.MX_I2C1_Init)
    i.MX_I2C2_Init                           0x0800364c   Section        0  main.o(i.MX_I2C2_Init)
    MX_I2C2_Init                             0x0800364d   Thumb Code    76  main.o(i.MX_I2C2_Init)
    i.MX_TIM2_Init                           0x080036a4   Section        0  main.o(i.MX_TIM2_Init)
    MX_TIM2_Init                             0x080036a5   Thumb Code   170  main.o(i.MX_TIM2_Init)
    i.NMI_Handler                            0x08003758   Section        0  stm32g0xx_it.o(i.NMI_Handler)
    i.PassThroughOrIdle                      0x0800375a   Section        0  altimeter_fsm.o(i.PassThroughOrIdle)
    PassThroughOrIdle                        0x0800375b   Thumb Code    26  altimeter_fsm.o(i.PassThroughOrIdle)
    i.PendSV_Handler                         0x08003774   Section        0  stm32g0xx_it.o(i.PendSV_Handler)
    i.ReadRaw24                              0x08003776   Section        0  dps368.o(i.ReadRaw24)
    ReadRaw24                                0x08003777   Thumb Code    52  dps368.o(i.ReadRaw24)
    i.ReadRegs                               0x080037aa   Section        0  dps368.o(i.ReadRegs)
    ReadRegs                                 0x080037ab   Thumb Code    32  dps368.o(i.ReadRegs)
    i.RedrawArmedIdle                        0x080037cc   Section        0  altimeter_fsm.o(i.RedrawArmedIdle)
    RedrawArmedIdle                          0x080037cd   Thumb Code   114  altimeter_fsm.o(i.RedrawArmedIdle)
    i.RedrawIfDue                            0x08003864   Section        0  altimeter_fsm.o(i.RedrawIfDue)
    RedrawIfDue                              0x08003865   Thumb Code    24  altimeter_fsm.o(i.RedrawIfDue)
    i.RedrawMotorRun                         0x08003880   Section        0  altimeter_fsm.o(i.RedrawMotorRun)
    RedrawMotorRun                           0x08003881   Thumb Code   100  altimeter_fsm.o(i.RedrawMotorRun)
    i.RedrawMotorRunNormal                   0x080038f4   Section        0  altimeter_fsm.o(i.RedrawMotorRunNormal)
    RedrawMotorRunNormal                     0x080038f5   Thumb Code    10  altimeter_fsm.o(i.RedrawMotorRunNormal)
    i.RedrawMotorRunRecording                0x080038fe   Section        0  altimeter_fsm.o(i.RedrawMotorRunRecording)
    RedrawMotorRunRecording                  0x080038ff   Thumb Code    10  altimeter_fsm.o(i.RedrawMotorRunRecording)
    i.RedrawResultHold                       0x08003908   Section        0  altimeter_fsm.o(i.RedrawResultHold)
    RedrawResultHold                         0x08003909   Thumb Code    84  altimeter_fsm.o(i.RedrawResultHold)
    i.RoundToInt                             0x08003970   Section        0  altimeter_fsm.o(i.RoundToInt)
    RoundToInt                               0x08003971   Thumb Code    30  altimeter_fsm.o(i.RoundToInt)
    i.SSD1309_Clear                          0x08003990   Section        0  ssd1309.o(i.SSD1309_Clear)
    i.SSD1309_DrawString                     0x080039a4   Section        0  ssd1309.o(i.SSD1309_DrawString)
    i.SSD1309_Init                           0x080039cc   Section        0  ssd1309.o(i.SSD1309_Init)
    i.SSD1309_UpdateScreen                   0x08003a20   Section        0  ssd1309.o(i.SSD1309_UpdateScreen)
    i.SVC_Handler                            0x08003a48   Section        0  stm32g0xx_it.o(i.SVC_Handler)
    i.Settings_Load                          0x08003a4c   Section        0  settings.o(i.Settings_Load)
    i.Settings_Save                          0x08003a74   Section        0  settings.o(i.Settings_Save)
    i.SysTick_Handler                        0x08003acc   Section        0  stm32g0xx_it.o(i.SysTick_Handler)
    i.SystemClock_Config                     0x08003ad4   Section        0  main.o(i.SystemClock_Config)
    i.SystemInit                             0x08003b2e   Section        0  system_stm32g0xx.o(i.SystemInit)
    i.TIM2_IRQHandler                        0x08003b30   Section        0  stm32g0xx_it.o(i.TIM2_IRQHandler)
    i.TIM_Base_SetConfig                     0x08003b40   Section        0  stm32g0xx_hal_tim.o(i.TIM_Base_SetConfig)
    i.TIM_CCxChannelCmd                      0x08003bd0   Section        0  stm32g0xx_hal_tim.o(i.TIM_CCxChannelCmd)
    i.TIM_OC1_SetConfig                      0x08003bec   Section        0  stm32g0xx_hal_tim.o(i.TIM_OC1_SetConfig)
    TIM_OC1_SetConfig                        0x08003bed   Thumb Code   112  stm32g0xx_hal_tim.o(i.TIM_OC1_SetConfig)
    i.TIM_OC2_SetConfig                      0x08003c6c   Section        0  stm32g0xx_hal_tim.o(i.TIM_OC2_SetConfig)
    i.TIM_OC3_SetConfig                      0x08003cec   Section        0  stm32g0xx_hal_tim.o(i.TIM_OC3_SetConfig)
    TIM_OC3_SetConfig                        0x08003ced   Thumb Code   110  stm32g0xx_hal_tim.o(i.TIM_OC3_SetConfig)
    i.TIM_OC4_SetConfig                      0x08003d6c   Section        0  stm32g0xx_hal_tim.o(i.TIM_OC4_SetConfig)
    TIM_OC4_SetConfig                        0x08003d6d   Thumb Code    88  stm32g0xx_hal_tim.o(i.TIM_OC4_SetConfig)
    i.TIM_OC5_SetConfig                      0x08003dd4   Section        0  stm32g0xx_hal_tim.o(i.TIM_OC5_SetConfig)
    TIM_OC5_SetConfig                        0x08003dd5   Thumb Code    74  stm32g0xx_hal_tim.o(i.TIM_OC5_SetConfig)
    i.TIM_OC6_SetConfig                      0x08003e30   Section        0  stm32g0xx_hal_tim.o(i.TIM_OC6_SetConfig)
    TIM_OC6_SetConfig                        0x08003e31   Thumb Code    84  stm32g0xx_hal_tim.o(i.TIM_OC6_SetConfig)
    i.TIM_TI1_SetConfig                      0x08003e94   Section        0  stm32g0xx_hal_tim.o(i.TIM_TI1_SetConfig)
    i.TIM_TI2_SetConfig                      0x08003f00   Section        0  stm32g0xx_hal_tim.o(i.TIM_TI2_SetConfig)
    TIM_TI2_SetConfig                        0x08003f01   Thumb Code    66  stm32g0xx_hal_tim.o(i.TIM_TI2_SetConfig)
    i.Throttle_ForceIdle                     0x08003f48   Section        0  throttle.o(i.Throttle_ForceIdle)
    i.Throttle_GetPulseUs                    0x08003f60   Section        0  throttle.o(i.Throttle_GetPulseUs)
    i.Throttle_Init                          0x08003f6c   Section        0  throttle.o(i.Throttle_Init)
    i.Throttle_IsMotorCommandedOn            0x08003fa0   Section        0  throttle.o(i.Throttle_IsMotorCommandedOn)
    i.Throttle_IsSignalValid                 0x08003fc8   Section        0  throttle.o(i.Throttle_IsSignalValid)
    i.Throttle_Process                       0x08003fd4   Section        0  throttle.o(i.Throttle_Process)
    i.Throttle_SetOutput                     0x08004000   Section        0  throttle.o(i.Throttle_SetOutput)
    i.TwosComplement                         0x08004028   Section        0  dps368.o(i.TwosComplement)
    TwosComplement                           0x08004029   Thumb Code    24  dps368.o(i.TwosComplement)
    i.UpdateAltitudeIfDue                    0x08004040   Section        0  altimeter_fsm.o(i.UpdateAltitudeIfDue)
    UpdateAltitudeIfDue                      0x08004041   Thumb Code    44  altimeter_fsm.o(i.UpdateAltitudeIfDue)
    i.WDI_Init                               0x08004074   Section        0  watchdog_kick.o(i.WDI_Init)
    i.WDI_Kick                               0x08004088   Section        0  watchdog_kick.o(i.WDI_Kick)
    i.__ARM_common_switch8                   0x08004098   Section        0  altimeter_fsm.o(i.__ARM_common_switch8)
    i.__ARM_fpclassifyf                      0x080040b2   Section        0  fpclassifyf.o(i.__ARM_fpclassifyf)
    i.__NVIC_SetPriority                     0x080040d4   Section        0  stm32g0xx_hal_cortex.o(i.__NVIC_SetPriority)
    __NVIC_SetPriority                       0x080040d5   Thumb Code    60  stm32g0xx_hal_cortex.o(i.__NVIC_SetPriority)
    i.__mathlib_flt_divzero                  0x08004118   Section        0  funder.o(i.__mathlib_flt_divzero)
    i.__mathlib_flt_infnan2                  0x08004126   Section        0  funder.o(i.__mathlib_flt_infnan2)
    i.__mathlib_flt_invalid                  0x0800412e   Section        0  funder.o(i.__mathlib_flt_invalid)
    i.__mathlib_flt_overflow                 0x0800413a   Section        0  funder.o(i.__mathlib_flt_overflow)
    i.__mathlib_flt_underflow                0x08004148   Section        0  funder.o(i.__mathlib_flt_underflow)
    i._is_digit                              0x08004156   Section        0  __printf_wp.o(i._is_digit)
    i.main                                   0x08004164   Section        0  main.o(i.main)
    i.powf                                   0x0800419c   Section        0  powf.o(i.powf)
    x$fpl$fadd                               0x080047bc   Section      140  faddsub.o(x$fpl$fadd)
    _fadd1                                   0x080047c9   Thumb Code     0  faddsub.o(x$fpl$fadd)
    x$fpl$fmul                               0x08004848   Section      176  fmul.o(x$fpl$fmul)
    x$fpl$frleqf                             0x080048f8   Section       88  frlef.o(x$fpl$frleqf)
    x$fpl$frsb                               0x08004950   Section       24  faddsub.o(x$fpl$frsb)
    x$fpl$fsub                               0x08004968   Section      208  faddsub.o(x$fpl$fsub)
    _fsub1                                   0x08004975   Thumb Code     0  faddsub.o(x$fpl$fsub)
    .constdata                               0x08004a38   Section      273  ssd1309.o(.constdata)
    x$fpl$usenofp                            0x08004a38   Section        0  usenofp.o(x$fpl$usenofp)
    s_font                                   0x08004a38   Data         248  ssd1309.o(.constdata)
    initCmds                                 0x08004b30   Data          25  ssd1309.o(.constdata)
    .constdata                               0x08004b4c   Section       16  altimeter_fsm.o(.constdata)
    ALES_HeightLimitM                        0x08004b4c   Data          16  altimeter_fsm.o(.constdata)
    .constdata                               0x08004b5c   Section       64  system_stm32g0xx.o(.constdata)
    .constdata                               0x08004b9c   Section       17  __printf_flags_ss_wp.o(.constdata)
    maptable                                 0x08004b9c   Data          17  __printf_flags_ss_wp.o(.constdata)
    .constdata                               0x08004bad   Section      128  ddiv.o(.constdata)
    ddiv_reciptbl                            0x08004bad   Data         128  ddiv.o(.constdata)
    .constdata                               0x08004c2d   Section       64  fdiv.o(.constdata)
    fdiv_tab                                 0x08004c2d   Data          64  fdiv.o(.constdata)
    .constdata                               0x08004c70   Section      320  powf.o(.constdata)
    table                                    0x08004c70   Data         128  powf.o(.constdata)
    powersof2to1over16top                    0x08004cf0   Data          64  powf.o(.constdata)
    powersof2to1over16bot                    0x08004d30   Data          64  powf.o(.constdata)
    powersof2to1over16all                    0x08004d70   Data          64  powf.o(.constdata)
    .data                                    0x20000000   Section       16  throttle.o(.data)
    s_captureState                           0x20000000   Data           1  throttle.o(.data)
    s_signalValid                            0x20000001   Data           1  throttle.o(.data)
    s_armed                                  0x20000002   Data           1  throttle.o(.data)
    s_lastPulseUs                            0x20000004   Data           2  throttle.o(.data)
    s_currentOutputUs                        0x20000006   Data           2  throttle.o(.data)
    s_risingCapture                          0x20000008   Data           4  throttle.o(.data)
    s_lastPulseTickMs                        0x2000000c   Data           4  throttle.o(.data)
    .data                                    0x20000010   Section        4  ssd1309.o(.data)
    s_hi2c                                   0x20000010   Data           4  ssd1309.o(.data)
    .data                                    0x20000014   Section        8  button.o(.data)
    s_lastRaw                                0x20000014   Data           1  button.o(.data)
    s_confirmed                              0x20000015   Data           1  button.o(.data)
    s_pressEvent                             0x20000016   Data           1  button.o(.data)
    s_lastChangeMs                           0x20000018   Data           4  button.o(.data)
    .data                                    0x20000020   Section       56  altimeter_fsm.o(.data)
    s_state                                  0x20000020   Data           1  altimeter_fsm.o(.data)
    s_alesMode                               0x20000021   Data           1  altimeter_fsm.o(.data)
    s_zeroingSamplesTaken                    0x20000022   Data           1  altimeter_fsm.o(.data)
    s_groundPressurePa                       0x20000024   Data           4  altimeter_fsm.o(.data)
    s_currentAltitudeM                       0x20000028   Data           4  altimeter_fsm.o(.data)
    s_lastSensorReadMs                       0x2000002c   Data           4  altimeter_fsm.o(.data)
    s_lastDisplayMs                          0x20000030   Data           4  altimeter_fsm.o(.data)
    s_zeroingLastSampleMs                    0x20000034   Data           4  altimeter_fsm.o(.data)
    s_motorOnStartMs                         0x20000038   Data           4  altimeter_fsm.o(.data)
    s_motorOffMs                             0x2000003c   Data           4  altimeter_fsm.o(.data)
    s_peakAltitudeM                          0x20000040   Data           4  altimeter_fsm.o(.data)
    s_resultStartHeightM                     0x20000044   Data           4  altimeter_fsm.o(.data)
    s_resultFlightTimeMs                     0x20000048   Data           4  altimeter_fsm.o(.data)
    s_zeroingSumPa                           0x20000050   Data           8  altimeter_fsm.o(.data)
    .data                                    0x20000058   Section       12  stm32g0xx_hal.o(.data)
    .data                                    0x20000064   Section        4  system_stm32g0xx.o(.data)
    .bss                                     0x20000068   Section      244  main.o(.bss)
    .bss                                     0x2000015c   Section     1024  ssd1309.o(.bss)
    s_fb                                     0x2000015c   Data        1024  ssd1309.o(.bss)
    .bss                                     0x2000055c   Section       48  altimeter_fsm.o(.bss)
    s_baro                                   0x2000055c   Data          48  altimeter_fsm.o(.bss)
    .bss                                     0x2000058c   Section       28  stm32g0xx_hal_flash.o(.bss)
    .bss                                     0x200005a8   Section       96  libspace.o(.bss)
    HEAP                                     0x20000608   Section      512  startup_stm32g031xx.o(HEAP)
    Heap_Mem                                 0x20000608   Data         512  startup_stm32g031xx.o(HEAP)
    STACK                                    0x20000808   Section     1024  startup_stm32g031xx.o(STACK)
    Stack_Mem                                0x20000808   Data        1024  startup_stm32g031xx.o(STACK)
    __initial_sp                             0x20000c08   Data           0  startup_stm32g031xx.o(STACK)

    Global Symbols

    Symbol Name                              Value     Ov Type        Size  Object(Section)

    BuildAttributes$$THM_ISAv3M$S$PE$A:L22$X:L11$S22$IEEE1$IW$USESV6$~STKCKD$USESV7$~SHL$OTIME$ROPI$IEEEX$EBA8$UX$STANDARDLIB$REQ8$PRES8$EABIv2 0x00000000   Number         0  anon$$obj.o ABSOLUTE
    __ARM_use_no_argv                        0x00000000   Number         0  main.o ABSOLUTE
    _printf_flags                            0x00000000   Number         0  printf_stubs.o ABSOLUTE
    _printf_return_value                     0x00000000   Number         0  printf_stubs.o ABSOLUTE
    _printf_sizespec                         0x00000000   Number         0  printf_stubs.o ABSOLUTE
    _printf_widthprec                        0x00000000   Number         0  printf_stubs.o ABSOLUTE
    __ARM_exceptions_init                     - Undefined Weak Reference
    __alloca_initialize                       - Undefined Weak Reference
    __arm_preinit_                            - Undefined Weak Reference
    __cpp_initialize__aeabi_                  - Undefined Weak Reference
    __cxa_finalize                            - Undefined Weak Reference
    __rt_locale                               - Undefined Weak Reference
    __sigvec_lookup                           - Undefined Weak Reference
    _atexit_init                              - Undefined Weak Reference
    _call_atexit_fns                          - Undefined Weak Reference
    _clock_init                               - Undefined Weak Reference
    _fp_trap_init                             - Undefined Weak Reference
    _fp_trap_shutdown                         - Undefined Weak Reference
    _get_lc_collate                           - Undefined Weak Reference
    _get_lc_ctype                             - Undefined Weak Reference
    _get_lc_monetary                          - Undefined Weak Reference
    _get_lc_numeric                           - Undefined Weak Reference
    _get_lc_time                              - Undefined Weak Reference
    _getenv_init                              - Undefined Weak Reference
    _handle_redirection                       - Undefined Weak Reference
    _init_alloc                               - Undefined Weak Reference
    _init_user_alloc                          - Undefined Weak Reference
    _initio                                   - Undefined Weak Reference
    _printf_truncate_signed                   - Undefined Weak Reference
    _printf_truncate_unsigned                 - Undefined Weak Reference
    _rand_init                                - Undefined Weak Reference
    _signal_finish                            - Undefined Weak Reference
    _signal_init                              - Undefined Weak Reference
    _terminate_alloc                          - Undefined Weak Reference
    _terminate_user_alloc                     - Undefined Weak Reference
    _terminateio                              - Undefined Weak Reference
    __Vectors_Size                           0x000000c0   Number         0  startup_stm32g031xx.o ABSOLUTE
    __Vectors                                0x08000000   Data           4  startup_stm32g031xx.o(RESET)
    __Vectors_End                            0x080000c0   Data           0  startup_stm32g031xx.o(RESET)
    __main                                   0x080000c1   Thumb Code     8  __main.o(!!!main)
    __scatterload                            0x080000c9   Thumb Code     0  __scatter.o(!!!scatter)
    __scatterload_rt2                        0x080000c9   Thumb Code    52  __scatter.o(!!!scatter)
    __scatterload_rt2_thumb_only             0x080000c9   Thumb Code     0  __scatter.o(!!!scatter)
    __scatterload_null                       0x080000d9   Thumb Code     0  __scatter.o(!!!scatter)
    __scatterload_copy                       0x08000105   Thumb Code    26  __scatter_copy.o(!!handler_copy)
    __scatterload_zeroinit                   0x08000121   Thumb Code    28  __scatter_zi.o(!!handler_zi)
    _printf_percent                          0x0800013d   Thumb Code     0  _printf_percent.o(.ARM.Collect$$_printf_percent$$00000000)
    _printf_d                                0x0800013f   Thumb Code     0  _printf_d.o(.ARM.Collect$$_printf_percent$$00000009)
    _printf_u                                0x08000149   Thumb Code     0  _printf_u.o(.ARM.Collect$$_printf_percent$$0000000A)
    _printf_percent_end                      0x08000153   Thumb Code     0  _printf_percent_end.o(.ARM.Collect$$_printf_percent$$00000017)
    __rt_lib_init                            0x08000157   Thumb Code     0  libinit.o(.ARM.Collect$$libinit$$00000000)
    __rt_lib_init_alloca_1                   0x08000159   Thumb Code     0  libinit2.o(.ARM.Collect$$libinit$$0000002E)
    __rt_lib_init_argv_1                     0x08000159   Thumb Code     0  libinit2.o(.ARM.Collect$$libinit$$0000002C)
    __rt_lib_init_atexit_1                   0x08000159   Thumb Code     0  libinit2.o(.ARM.Collect$$libinit$$0000001B)
    __rt_lib_init_clock_1                    0x08000159   Thumb Code     0  libinit2.o(.ARM.Collect$$libinit$$00000021)
    __rt_lib_init_cpp_1                      0x08000159   Thumb Code     0  libinit2.o(.ARM.Collect$$libinit$$00000032)
    __rt_lib_init_exceptions_1               0x08000159   Thumb Code     0  libinit2.o(.ARM.Collect$$libinit$$00000030)
    __rt_lib_init_fp_1                       0x08000159   Thumb Code     0  libinit2.o(.ARM.Collect$$libinit$$00000002)
    __rt_lib_init_fp_trap_1                  0x08000159   Thumb Code     0  libinit2.o(.ARM.Collect$$libinit$$0000001F)
    __rt_lib_init_getenv_1                   0x08000159   Thumb Code     0  libinit2.o(.ARM.Collect$$libinit$$00000023)
    __rt_lib_init_heap_1                     0x08000159   Thumb Code     0  libinit2.o(.ARM.Collect$$libinit$$0000000A)
    __rt_lib_init_lc_collate_1               0x08000159   Thumb Code     0  libinit2.o(.ARM.Collect$$libinit$$00000011)
    __rt_lib_init_lc_ctype_1                 0x08000159   Thumb Code     0  libinit2.o(.ARM.Collect$$libinit$$00000013)
    __rt_lib_init_lc_monetary_1              0x08000159   Thumb Code     0  libinit2.o(.ARM.Collect$$libinit$$00000015)
    __rt_lib_init_lc_numeric_1               0x08000159   Thumb Code     0  libinit2.o(.ARM.Collect$$libinit$$00000017)
    __rt_lib_init_lc_time_1                  0x08000159   Thumb Code     0  libinit2.o(.ARM.Collect$$libinit$$00000019)
    __rt_lib_init_preinit_1                  0x08000159   Thumb Code     0  libinit2.o(.ARM.Collect$$libinit$$00000004)
    __rt_lib_init_rand_1                     0x08000159   Thumb Code     0  libinit2.o(.ARM.Collect$$libinit$$0000000E)
    __rt_lib_init_return                     0x08000159   Thumb Code     0  libinit2.o(.ARM.Collect$$libinit$$00000033)
    __rt_lib_init_signal_1                   0x08000159   Thumb Code     0  libinit2.o(.ARM.Collect$$libinit$$0000001D)
    __rt_lib_init_stdio_1                    0x08000159   Thumb Code     0  libinit2.o(.ARM.Collect$$libinit$$00000025)
    __rt_lib_init_user_alloc_1               0x08000159   Thumb Code     0  libinit2.o(.ARM.Collect$$libinit$$0000000C)
    __rt_lib_shutdown                        0x0800015b   Thumb Code     0  libshutdown.o(.ARM.Collect$$libshutdown$$00000000)
    __rt_lib_shutdown_cpp_1                  0x0800015d   Thumb Code     0  libshutdown2.o(.ARM.Collect$$libshutdown$$00000002)
    __rt_lib_shutdown_fp_trap_1              0x0800015d   Thumb Code     0  libshutdown2.o(.ARM.Collect$$libshutdown$$00000007)
    __rt_lib_shutdown_heap_1                 0x0800015d   Thumb Code     0  libshutdown2.o(.ARM.Collect$$libshutdown$$0000000F)
    __rt_lib_shutdown_return                 0x0800015d   Thumb Code     0  libshutdown2.o(.ARM.Collect$$libshutdown$$00000010)
    __rt_lib_shutdown_signal_1               0x0800015d   Thumb Code     0  libshutdown2.o(.ARM.Collect$$libshutdown$$0000000A)
    __rt_lib_shutdown_stdio_1                0x0800015d   Thumb Code     0  libshutdown2.o(.ARM.Collect$$libshutdown$$00000004)
    __rt_lib_shutdown_user_alloc_1           0x0800015d   Thumb Code     0  libshutdown2.o(.ARM.Collect$$libshutdown$$0000000C)
    __rt_entry                               0x0800015f   Thumb Code     0  __rtentry.o(.ARM.Collect$$rtentry$$00000000)
    __rt_entry_presh_1                       0x0800015f   Thumb Code     0  __rtentry2.o(.ARM.Collect$$rtentry$$00000002)
    __rt_entry_sh                            0x0800015f   Thumb Code     0  __rtentry4.o(.ARM.Collect$$rtentry$$00000004)
    __rt_entry_li                            0x08000165   Thumb Code     0  __rtentry2.o(.ARM.Collect$$rtentry$$0000000A)
    __rt_entry_postsh_1                      0x08000165   Thumb Code     0  __rtentry2.o(.ARM.Collect$$rtentry$$00000009)
    __rt_entry_main                          0x08000169   Thumb Code     0  __rtentry2.o(.ARM.Collect$$rtentry$$0000000D)
    __rt_entry_postli_1                      0x08000169   Thumb Code     0  __rtentry2.o(.ARM.Collect$$rtentry$$0000000C)
    __rt_exit                                0x08000171   Thumb Code     0  rtexit.o(.ARM.Collect$$rtexit$$00000000)
    __rt_exit_ls                             0x08000173   Thumb Code     0  rtexit2.o(.ARM.Collect$$rtexit$$00000003)
    __rt_exit_prels_1                        0x08000173   Thumb Code     0  rtexit2.o(.ARM.Collect$$rtexit$$00000002)
    __rt_exit_exit                           0x08000177   Thumb Code     0  rtexit2.o(.ARM.Collect$$rtexit$$00000004)
    Reset_Handler                            0x0800017d   Thumb Code     8  startup_stm32g031xx.o(.text)
    ADC1_IRQHandler                          0x0800018f   Thumb Code     0  startup_stm32g031xx.o(.text)
    DMA1_Ch4_5_DMAMUX1_OVR_IRQHandler        0x0800018f   Thumb Code     0  startup_stm32g031xx.o(.text)
    DMA1_Channel1_IRQHandler                 0x0800018f   Thumb Code     0  startup_stm32g031xx.o(.text)
    DMA1_Channel2_3_IRQHandler               0x0800018f   Thumb Code     0  startup_stm32g031xx.o(.text)
    EXTI0_1_IRQHandler                       0x0800018f   Thumb Code     0  startup_stm32g031xx.o(.text)
    EXTI2_3_IRQHandler                       0x0800018f   Thumb Code     0  startup_stm32g031xx.o(.text)
    EXTI4_15_IRQHandler                      0x0800018f   Thumb Code     0  startup_stm32g031xx.o(.text)
    FLASH_IRQHandler                         0x0800018f   Thumb Code     0  startup_stm32g031xx.o(.text)
    I2C1_IRQHandler                          0x0800018f   Thumb Code     0  startup_stm32g031xx.o(.text)
    I2C2_IRQHandler                          0x0800018f   Thumb Code     0  startup_stm32g031xx.o(.text)
    LPTIM1_IRQHandler                        0x0800018f   Thumb Code     0  startup_stm32g031xx.o(.text)
    LPTIM2_IRQHandler                        0x0800018f   Thumb Code     0  startup_stm32g031xx.o(.text)
    LPUART1_IRQHandler                       0x0800018f   Thumb Code     0  startup_stm32g031xx.o(.text)
    PVD_IRQHandler                           0x0800018f   Thumb Code     0  startup_stm32g031xx.o(.text)
    RCC_IRQHandler                           0x0800018f   Thumb Code     0  startup_stm32g031xx.o(.text)
    RTC_TAMP_IRQHandler                      0x0800018f   Thumb Code     0  startup_stm32g031xx.o(.text)
    SPI1_IRQHandler                          0x0800018f   Thumb Code     0  startup_stm32g031xx.o(.text)
    SPI2_IRQHandler                          0x0800018f   Thumb Code     0  startup_stm32g031xx.o(.text)
    TIM14_IRQHandler                         0x0800018f   Thumb Code     0  startup_stm32g031xx.o(.text)
    TIM16_IRQHandler                         0x0800018f   Thumb Code     0  startup_stm32g031xx.o(.text)
    TIM17_IRQHandler                         0x0800018f   Thumb Code     0  startup_stm32g031xx.o(.text)
    TIM1_BRK_UP_TRG_COM_IRQHandler           0x0800018f   Thumb Code     0  startup_stm32g031xx.o(.text)
    TIM1_CC_IRQHandler                       0x0800018f   Thumb Code     0  startup_stm32g031xx.o(.text)
    TIM3_IRQHandler                          0x0800018f   Thumb Code     0  startup_stm32g031xx.o(.text)
    USART1_IRQHandler                        0x0800018f   Thumb Code     0  startup_stm32g031xx.o(.text)
    USART2_IRQHandler                        0x0800018f   Thumb Code     0  startup_stm32g031xx.o(.text)
    WWDG_IRQHandler                          0x0800018f   Thumb Code     0  startup_stm32g031xx.o(.text)
    __user_initial_stackheap                 0x08000191   Thumb Code     0  startup_stm32g031xx.o(.text)
    __2sprintf                               0x080001b5   Thumb Code    36  noretval__2sprintf.o(.text)
    _printf_pre_padding                      0x080001dd   Thumb Code    44  _printf_pad.o(.text)
    _printf_post_padding                     0x08000209   Thumb Code    34  _printf_pad.o(.text)
    _printf_int_dec                          0x0800022d   Thumb Code    90  _printf_dec.o(.text)
    __printf                                 0x08000299   Thumb Code   386  __printf_flags_ss_wp.o(.text)
    _memset_w                                0x08000421   Thumb Code    26  rt_memclr.o(.text)
    _memset                                  0x0800043b   Thumb Code    30  rt_memclr.o(.text)
    __aeabi_memclr                           0x08000459   Thumb Code     4  rt_memclr.o(.text)
    __rt_memclr                              0x08000459   Thumb Code     0  rt_memclr.o(.text)
    __aeabi_memclr4                          0x0800045d   Thumb Code     0  rt_memclr.o(.text)
    __aeabi_memclr8                          0x0800045d   Thumb Code     0  rt_memclr.o(.text)
    __rt_memclr_w                            0x0800045d   Thumb Code     4  rt_memclr.o(.text)
    __aeabi_uidiv                            0x08000461   Thumb Code     0  aeabi_sdiv.o(.text)
    __aeabi_uidivmod                         0x08000461   Thumb Code    20  aeabi_sdiv.o(.text)
    __aeabi_idiv                             0x08000475   Thumb Code     0  aeabi_sdiv.o(.text)
    __aeabi_idivmod                          0x08000475   Thumb Code   326  aeabi_sdiv.o(.text)
    __use_two_region_memory                  0x080005bb   Thumb Code     2  heapauxi.o(.text)
    __rt_heap_escrow$2region                 0x080005bd   Thumb Code     2  heapauxi.o(.text)
    __rt_heap_expand$2region                 0x080005bf   Thumb Code     2  heapauxi.o(.text)
    __aeabi_d2f                              0x080005c1   Thumb Code     0  d2f.o(.text)
    _d2f                                     0x080005c1   Thumb Code   120  d2f.o(.text)
    __aeabi_dadd                             0x08000935   Thumb Code     0  daddsub.o(.text)
    _dadd                                    0x08000935   Thumb Code    26  daddsub.o(.text)
    __aeabi_dsub                             0x0800094f   Thumb Code     0  daddsub.o(.text)
    _dsub                                    0x0800094f   Thumb Code    22  daddsub.o(.text)
    __aeabi_drsub                            0x08000965   Thumb Code     0  daddsub.o(.text)
    _drsb                                    0x08000965   Thumb Code    28  daddsub.o(.text)
    __aeabi_ddiv                             0x08000995   Thumb Code     0  ddiv.o(.text)
    _ddiv                                    0x08000995   Thumb Code  1072  ddiv.o(.text)
    _drdiv                                   0x08000dc5   Thumb Code    20  ddiv.o(.text)
    __aeabi_i2d_normalise                    0x08000ddd   Thumb Code    66  dflti.o(.text)
    __aeabi_i2d                              0x08000e1f   Thumb Code    16  dflti.o(.text)
    _dflt                                    0x08000e1f   Thumb Code     0  dflti.o(.text)
    __aeabi_ui2d                             0x08000e2f   Thumb Code     6  dflti.o(.text)
    _dfltu                                   0x08000e2f   Thumb Code     0  dflti.o(.text)
    __aeabi_f2d                              0x08000e35   Thumb Code     0  f2d.o(.text)
    _f2d                                     0x08000e35   Thumb Code    80  f2d.o(.text)
    __aeabi_fdiv                             0x08000e89   Thumb Code     0  fdiv.o(.text)
    _fdiv                                    0x08000e89   Thumb Code   334  fdiv.o(.text)
    _frdiv                                   0x08000fd7   Thumb Code     8  fdiv.o(.text)
    __aeabi_f2iz                             0x08000fe9   Thumb Code     0  ffixi.o(.text)
    _ffix                                    0x08000fe9   Thumb Code    76  ffixi.o(.text)
    __aeabi_i2f_normalise                    0x08001035   Thumb Code    72  fflti.o(.text)
    __aeabi_i2f                              0x0800107d   Thumb Code    16  fflti.o(.text)
    _fflt                                    0x0800107d   Thumb Code     0  fflti.o(.text)
    __aeabi_ui2f                             0x0800108d   Thumb Code     6  fflti.o(.text)
    _ffltu                                   0x0800108d   Thumb Code     0  fflti.o(.text)
    __ARM_scalbnf                            0x08001095   Thumb Code    64  fscalbn.o(.text)
    __read_errno                             0x080010d9   Thumb Code    10  _rserrno.o(.text)
    __set_errno                              0x080010e3   Thumb Code    12  _rserrno.o(.text)
    _printf_int_common                       0x080010ef   Thumb Code   176  _printf_intcommon.o(.text)
    _printf_char_common                      0x080011ab   Thumb Code    32  _printf_char_common.o(.text)
    _sputc                                   0x080011d1   Thumb Code    10  _sputc.o(.text)
    __rt_udiv10                              0x080011db   Thumb Code    40  rtudiv10.o(.text)
    __fpl_fcmp_InfNaN                        0x08001205   Thumb Code    96  fcmpin.o(.text)
    _ffix_r                                  0x08001269   Thumb Code   138  ffixir.o(.text)
    __aeabi_errno_addr                       0x080012f5   Thumb Code     8  rt_errno_addr_intlibspace.o(.text)
    __errno$intlibspace                      0x080012f5   Thumb Code     0  rt_errno_addr_intlibspace.o(.text)
    __rt_errno_addr$intlibspace              0x080012f5   Thumb Code     0  rt_errno_addr_intlibspace.o(.text)
    __fpl_cmpreturn                          0x080012fd   Thumb Code    46  cmpret.o(.text)
    __fpl_fcheck_NaN2                        0x0800132d   Thumb Code    10  fnan2.o(.text)
    __user_libspace                          0x0800133d   Thumb Code     8  libspace.o(.text)
    __user_perproc_libspace                  0x0800133d   Thumb Code     0  libspace.o(.text)
    __user_perthread_libspace                0x0800133d   Thumb Code     0  libspace.o(.text)
    __user_setup_stackheap                   0x08001345   Thumb Code    62  sys_stackheap_outer.o(.text)
    exit                                     0x08001383   Thumb Code    16  exit.o(.text)
    __fpl_return_NaN                         0x08001393   Thumb Code    94  retnan.o(.text)
    _sys_exit                                0x080013f1   Thumb Code     8  sys_exit.o(.text)
    __I$use$semihosting                      0x080013fd   Thumb Code     0  use_no_semi.o(.text)
    __use_no_semihosting_swi                 0x080013fd   Thumb Code     2  use_no_semi.o(.text)
    __semihosting_library_function           0x080013ff   Thumb Code     0  indicate_semi.o(.text)
    Button_ConsumePress                      0x08001401   Thumb Code    20  button.o(i.Button_ConsumePress)
    Button_Process                           0x08001419   Thumb Code    60  button.o(i.Button_Process)
    DPS368_Init                              0x08001459   Thumb Code    84  dps368.o(i.DPS368_Init)
    DPS368_PressureToRelativeAltitudeM       0x080014ad   Thumb Code    40  dps368.o(i.DPS368_PressureToRelativeAltitudeM)
    DPS368_ReadCompensated                   0x080014dd   Thumb Code   246  dps368.o(i.DPS368_ReadCompensated)
    Error_Handler                            0x080016ed   Thumb Code     4  main.o(i.Error_Handler)
    FLASH_PageErase                          0x08001705   Thumb Code    20  stm32g0xx_hal_flash_ex.o(i.FLASH_PageErase)
    FLASH_WaitForLastOperation               0x08001775   Thumb Code    86  stm32g0xx_hal_flash.o(i.FLASH_WaitForLastOperation)
    FSM_Init                                 0x080017dd   Thumb Code    70  altimeter_fsm.o(i.FSM_Init)
    FSM_Tick                                 0x0800183d   Thumb Code   368  altimeter_fsm.o(i.FSM_Tick)
    HAL_Delay                                0x08001a11   Thumb Code    32  stm32g0xx_hal.o(i.HAL_Delay)
    HAL_FLASHEx_Erase                        0x08001a35   Thumb Code   126  stm32g0xx_hal_flash_ex.o(i.HAL_FLASHEx_Erase)
    HAL_FLASH_Lock                           0x08001abd   Thumb Code    34  stm32g0xx_hal_flash.o(i.HAL_FLASH_Lock)
    HAL_FLASH_Program                        0x08001ae5   Thumb Code    88  stm32g0xx_hal_flash.o(i.HAL_FLASH_Program)
    HAL_FLASH_Unlock                         0x08001b45   Thumb Code    28  stm32g0xx_hal_flash.o(i.HAL_FLASH_Unlock)
    HAL_GPIO_Init                            0x08001b6d   Thumb Code   330  stm32g0xx_hal_gpio.o(i.HAL_GPIO_Init)
    HAL_GPIO_ReadPin                         0x08001cc9   Thumb Code    10  stm32g0xx_hal_gpio.o(i.HAL_GPIO_ReadPin)
    HAL_GPIO_TogglePin                       0x08001cd3   Thumb Code    16  stm32g0xx_hal_gpio.o(i.HAL_GPIO_TogglePin)
    HAL_GPIO_WritePin                        0x08001ce3   Thumb Code    12  stm32g0xx_hal_gpio.o(i.HAL_GPIO_WritePin)
    HAL_GetTick                              0x08001cf1   Thumb Code     6  stm32g0xx_hal.o(i.HAL_GetTick)
    HAL_I2CEx_ConfigAnalogFilter             0x08001cfd   Thumb Code    74  stm32g0xx_hal_i2c_ex.o(i.HAL_I2CEx_ConfigAnalogFilter)
    HAL_I2CEx_ConfigDigitalFilter            0x08001d47   Thumb Code    72  stm32g0xx_hal_i2c_ex.o(i.HAL_I2CEx_ConfigDigitalFilter)
    HAL_I2C_Init                             0x08001d91   Thumb Code   182  stm32g0xx_hal_i2c.o(i.HAL_I2C_Init)
    HAL_I2C_Mem_Read                         0x08001e4d   Thumb Code   332  stm32g0xx_hal_i2c.o(i.HAL_I2C_Mem_Read)
    HAL_I2C_Mem_Write                        0x08001fa1   Thumb Code   326  stm32g0xx_hal_i2c.o(i.HAL_I2C_Mem_Write)
    HAL_I2C_MspInit                          0x080020ed   Thumb Code   164  stm32g0xx_hal_msp.o(i.HAL_I2C_MspInit)
    HAL_IncTick                              0x080021a1   Thumb Code    12  stm32g0xx_hal.o(i.HAL_IncTick)
    HAL_Init                                 0x080021b1   Thumb Code    36  stm32g0xx_hal.o(i.HAL_Init)
    HAL_InitTick                             0x080021d9   Thumb Code    64  stm32g0xx_hal.o(i.HAL_InitTick)
    HAL_MspInit                              0x08002221   Thumb Code    38  stm32g0xx_hal_msp.o(i.HAL_MspInit)
    HAL_NVIC_EnableIRQ                       0x0800224d   Thumb Code    18  stm32g0xx_hal_cortex.o(i.HAL_NVIC_EnableIRQ)
    HAL_NVIC_SetPriority                     0x08002265   Thumb Code     8  stm32g0xx_hal_cortex.o(i.HAL_NVIC_SetPriority)
    HAL_PWREx_ControlVoltageScaling          0x0800226d   Thumb Code    62  stm32g0xx_hal_pwr_ex.o(i.HAL_PWREx_ControlVoltageScaling)
    HAL_RCCEx_PeriphCLKConfig                0x080022b9   Thumb Code   420  stm32g0xx_hal_rcc_ex.o(i.HAL_RCCEx_PeriphCLKConfig)
    HAL_RCC_ClockConfig                      0x08002469   Thumb Code   318  stm32g0xx_hal_rcc.o(i.HAL_RCC_ClockConfig)
    HAL_RCC_GetSysClockFreq                  0x080025c1   Thumb Code   130  stm32g0xx_hal_rcc.o(i.HAL_RCC_GetSysClockFreq)
    HAL_RCC_OscConfig                        0x0800264d   Thumb Code   962  stm32g0xx_hal_rcc.o(i.HAL_RCC_OscConfig)
    HAL_SYSTICK_Config                       0x08002a35   Thumb Code    38  stm32g0xx_hal_cortex.o(i.HAL_SYSTICK_Config)
    HAL_TIMEx_Break2Callback                 0x08002a65   Thumb Code     2  stm32g0xx_hal_tim_ex.o(i.HAL_TIMEx_Break2Callback)
    HAL_TIMEx_BreakCallback                  0x08002a67   Thumb Code     2  stm32g0xx_hal_tim_ex.o(i.HAL_TIMEx_BreakCallback)
    HAL_TIMEx_CommutCallback                 0x08002a69   Thumb Code     2  stm32g0xx_hal_tim_ex.o(i.HAL_TIMEx_CommutCallback)
    HAL_TIMEx_MasterConfigSynchronization    0x08002a6d   Thumb Code    98  stm32g0xx_hal_tim_ex.o(i.HAL_TIMEx_MasterConfigSynchronization)
    HAL_TIM_IC_CaptureCallback               0x08002ad9   Thumb Code   126  throttle.o(i.HAL_TIM_IC_CaptureCallback)
    HAL_TIM_IC_ConfigChannel                 0x08002b69   Thumb Code   314  stm32g0xx_hal_tim.o(i.HAL_TIM_IC_ConfigChannel)
    HAL_TIM_IC_Init                          0x08002ca9   Thumb Code    76  stm32g0xx_hal_tim.o(i.HAL_TIM_IC_Init)
    HAL_TIM_IC_MspInit                       0x08002cf5   Thumb Code    96  stm32g0xx_hal_msp.o(i.HAL_TIM_IC_MspInit)
    HAL_TIM_IC_Start_IT                      0x08002d59   Thumb Code   224  stm32g0xx_hal_tim.o(i.HAL_TIM_IC_Start_IT)
    HAL_TIM_IRQHandler                       0x08002e45   Thumb Code   318  stm32g0xx_hal_tim.o(i.HAL_TIM_IRQHandler)
    HAL_TIM_MspPostInit                      0x08002f8d   Thumb Code    68  stm32g0xx_hal_msp.o(i.HAL_TIM_MspPostInit)
    HAL_TIM_OC_DelayElapsedCallback          0x08002fd5   Thumb Code     2  stm32g0xx_hal_tim.o(i.HAL_TIM_OC_DelayElapsedCallback)
    HAL_TIM_PWM_ConfigChannel                0x08002fd7   Thumb Code   296  stm32g0xx_hal_tim.o(i.HAL_TIM_PWM_ConfigChannel)
    HAL_TIM_PWM_Init                         0x080030ff   Thumb Code    76  stm32g0xx_hal_tim.o(i.HAL_TIM_PWM_Init)
    HAL_TIM_PWM_MspInit                      0x0800314b   Thumb Code     2  stm32g0xx_hal_tim.o(i.HAL_TIM_PWM_MspInit)
    HAL_TIM_PWM_PulseFinishedCallback        0x0800314d   Thumb Code     2  stm32g0xx_hal_tim.o(i.HAL_TIM_PWM_PulseFinishedCallback)
    HAL_TIM_PWM_Start                        0x08003151   Thumb Code   178  stm32g0xx_hal_tim.o(i.HAL_TIM_PWM_Start)
    HAL_TIM_PeriodElapsedCallback            0x08003219   Thumb Code     2  stm32g0xx_hal_tim.o(i.HAL_TIM_PeriodElapsedCallback)
    HAL_TIM_ReadCapturedValue                0x0800321b   Thumb Code    44  stm32g0xx_hal_tim.o(i.HAL_TIM_ReadCapturedValue)
    HAL_TIM_TriggerCallback                  0x08003247   Thumb Code     2  stm32g0xx_hal_tim.o(i.HAL_TIM_TriggerCallback)
    HardFault_Handler                        0x08003249   Thumb Code     2  stm32g0xx_it.o(i.HardFault_Handler)
    NMI_Handler                              0x08003759   Thumb Code     2  stm32g0xx_it.o(i.NMI_Handler)
    PendSV_Handler                           0x08003775   Thumb Code     2  stm32g0xx_it.o(i.PendSV_Handler)
    SSD1309_Clear                            0x08003991   Thumb Code    14  ssd1309.o(i.SSD1309_Clear)
    SSD1309_DrawString                       0x080039a5   Thumb Code    40  ssd1309.o(i.SSD1309_DrawString)
    SSD1309_Init                             0x080039cd   Thumb Code    76  ssd1309.o(i.SSD1309_Init)
    SSD1309_UpdateScreen                     0x08003a21   Thumb Code    32  ssd1309.o(i.SSD1309_UpdateScreen)
    SVC_Handler                              0x08003a49   Thumb Code     2  stm32g0xx_it.o(i.SVC_Handler)
    Settings_Load                            0x08003a4d   Thumb Code    30  settings.o(i.Settings_Load)
    Settings_Save                            0x08003a75   Thumb Code    78  settings.o(i.Settings_Save)
    SysTick_Handler                          0x08003acd   Thumb Code     8  stm32g0xx_it.o(i.SysTick_Handler)
    SystemClock_Config                       0x08003ad5   Thumb Code    90  main.o(i.SystemClock_Config)
    SystemInit                               0x08003b2f   Thumb Code     2  system_stm32g0xx.o(i.SystemInit)
    TIM2_IRQHandler                          0x08003b31   Thumb Code    10  stm32g0xx_it.o(i.TIM2_IRQHandler)
    TIM_Base_SetConfig                       0x08003b41   Thumb Code   124  stm32g0xx_hal_tim.o(i.TIM_Base_SetConfig)
    TIM_CCxChannelCmd                        0x08003bd1   Thumb Code    26  stm32g0xx_hal_tim.o(i.TIM_CCxChannelCmd)
    TIM_OC2_SetConfig                        0x08003c6d   Thumb Code   110  stm32g0xx_hal_tim.o(i.TIM_OC2_SetConfig)
    TIM_TI1_SetConfig                        0x08003e95   Thumb Code    92  stm32g0xx_hal_tim.o(i.TIM_TI1_SetConfig)
    Throttle_ForceIdle                       0x08003f49   Thumb Code    16  throttle.o(i.Throttle_ForceIdle)
    Throttle_GetPulseUs                      0x08003f61   Thumb Code     6  throttle.o(i.Throttle_GetPulseUs)
    Throttle_Init                            0x08003f6d   Thumb Code    44  throttle.o(i.Throttle_Init)
    Throttle_IsMotorCommandedOn              0x08003fa1   Thumb Code    30  throttle.o(i.Throttle_IsMotorCommandedOn)
    Throttle_IsSignalValid                   0x08003fc9   Thumb Code     6  throttle.o(i.Throttle_IsSignalValid)
    Throttle_Process                         0x08003fd5   Thumb Code    40  throttle.o(i.Throttle_Process)
    Throttle_SetOutput                       0x08004001   Thumb Code    28  throttle.o(i.Throttle_SetOutput)
    WDI_Init                                 0x08004075   Thumb Code    14  watchdog_kick.o(i.WDI_Init)
    WDI_Kick                                 0x08004089   Thumb Code    12  watchdog_kick.o(i.WDI_Kick)
    __ARM_common_switch8                     0x08004099   Thumb Code    26  altimeter_fsm.o(i.__ARM_common_switch8)
    __ARM_fpclassifyf                        0x080040b3   Thumb Code    34  fpclassifyf.o(i.__ARM_fpclassifyf)
    __mathlib_flt_divzero                    0x08004119   Thumb Code    14  funder.o(i.__mathlib_flt_divzero)
    __mathlib_flt_infnan2                    0x08004127   Thumb Code     8  funder.o(i.__mathlib_flt_infnan2)
    __mathlib_flt_invalid                    0x0800412f   Thumb Code    12  funder.o(i.__mathlib_flt_invalid)
    __mathlib_flt_overflow                   0x0800413b   Thumb Code    14  funder.o(i.__mathlib_flt_overflow)
    __mathlib_flt_underflow                  0x08004149   Thumb Code    14  funder.o(i.__mathlib_flt_underflow)
    _is_digit                                0x08004157   Thumb Code    14  __printf_wp.o(i._is_digit)
    main                                     0x08004165   Thumb Code    54  main.o(i.main)
    __mathlib_powf                           0x0800419d   Thumb Code     0  powf.o(i.powf)
    powf                                     0x0800419d   Thumb Code  1538  powf.o(i.powf)
    __aeabi_fadd                             0x080047bd   Thumb Code     0  faddsub.o(x$fpl$fadd)
    _fadd                                    0x080047bd   Thumb Code   134  faddsub.o(x$fpl$fadd)
    __aeabi_fmul                             0x08004849   Thumb Code     0  fmul.o(x$fpl$fmul)
    _fmul                                    0x08004849   Thumb Code   172  fmul.o(x$fpl$fmul)
    __aeabi_cfrcmple                         0x080048f9   Thumb Code     0  frlef.o(x$fpl$frleqf)
    _frcmple                                 0x080048f9   Thumb Code    84  frlef.o(x$fpl$frleqf)
    __aeabi_frsub                            0x08004951   Thumb Code     0  faddsub.o(x$fpl$frsb)
    _frsb                                    0x08004951   Thumb Code    24  faddsub.o(x$fpl$frsb)
    __aeabi_fsub                             0x08004969   Thumb Code     0  faddsub.o(x$fpl$fsub)
    _fsub                                    0x08004969   Thumb Code   204  faddsub.o(x$fpl$fsub)
    __I$use$fp                               0x08004a38   Number         0  usenofp.o(x$fpl$usenofp)
    AHBPrescTable                            0x08004b5c   Data          64  system_stm32g0xx.o(.constdata)
    Region$$Table$$Base                      0x08004db0   Number         0  anon$$obj.o(Region$$Table)
    Region$$Table$$Limit                     0x08004dd0   Number         0  anon$$obj.o(Region$$Table)
    uwTickFreq                               0x20000058   Data           1  stm32g0xx_hal.o(.data)
    uwTickPrio                               0x2000005c   Data           4  stm32g0xx_hal.o(.data)
    uwTick                                   0x20000060   Data           4  stm32g0xx_hal.o(.data)
    SystemCoreClock                          0x20000064   Data           4  system_stm32g0xx.o(.data)
    hi2c1                                    0x20000068   Data          84  main.o(.bss)
    hi2c2                                    0x200000bc   Data          84  main.o(.bss)
    htim2                                    0x20000110   Data          76  main.o(.bss)
    pFlash                                   0x2000058c   Data          28  stm32g0xx_hal_flash.o(.bss)
    __libspace_start                         0x200005a8   Data          96  libspace.o(.bss)
    __temporary_stack_top$libspace           0x20000608   Data           0  libspace.o(.bss)



==============================================================================

Memory Map of the image

  Image Entry point : 0x080000c1

  Load Region LR_IROM1 (Base: 0x08000000, Size: 0x00004e38, Max: 0x00010000, ABSOLUTE)

    Execution Region ER_IROM1 (Exec base: 0x08000000, Load base: 0x08000000, Size: 0x00004dd0, Max: 0x00010000, ABSOLUTE)

    Exec Addr    Load Addr    Size         Type   Attr      Idx    E Section Name        Object

    0x08000000   0x08000000   0x000000c0   Data   RO            3    RESET               startup_stm32g031xx.o
    0x080000c0   0x080000c0   0x00000008   Code   RO         3534  * !!!main             c_p.l(__main.o)
    0x080000c8   0x080000c8   0x0000003c   Code   RO         3790    !!!scatter          c_p.l(__scatter.o)
    0x08000104   0x08000104   0x0000001a   Code   RO         3792    !!handler_copy      c_p.l(__scatter_copy.o)
    0x0800011e   0x0800011e   0x00000002   PAD
    0x08000120   0x08000120   0x0000001c   Code   RO         3794    !!handler_zi        c_p.l(__scatter_zi.o)
    0x0800013c   0x0800013c   0x00000002   Code   RO         3525    .ARM.Collect$$_printf_percent$$00000000  c_p.l(_printf_percent.o)
    0x0800013e   0x0800013e   0x0000000a   Code   RO         3523    .ARM.Collect$$_printf_percent$$00000009  c_p.l(_printf_d.o)
    0x08000148   0x08000148   0x0000000a   Code   RO         3524    .ARM.Collect$$_printf_percent$$0000000A  c_p.l(_printf_u.o)
    0x08000152   0x08000152   0x00000004   Code   RO         3589    .ARM.Collect$$_printf_percent$$00000017  c_p.l(_printf_percent_end.o)
    0x08000156   0x08000156   0x00000002   Code   RO         3660    .ARM.Collect$$libinit$$00000000  c_p.l(libinit.o)
    0x08000158   0x08000158   0x00000000   Code   RO         3673    .ARM.Collect$$libinit$$00000002  c_p.l(libinit2.o)
    0x08000158   0x08000158   0x00000000   Code   RO         3675    .ARM.Collect$$libinit$$00000004  c_p.l(libinit2.o)
    0x08000158   0x08000158   0x00000000   Code   RO         3678    .ARM.Collect$$libinit$$0000000A  c_p.l(libinit2.o)
    0x08000158   0x08000158   0x00000000   Code   RO         3680    .ARM.Collect$$libinit$$0000000C  c_p.l(libinit2.o)
    0x08000158   0x08000158   0x00000000   Code   RO         3682    .ARM.Collect$$libinit$$0000000E  c_p.l(libinit2.o)
    0x08000158   0x08000158   0x00000000   Code   RO         3685    .ARM.Collect$$libinit$$00000011  c_p.l(libinit2.o)
    0x08000158   0x08000158   0x00000000   Code   RO         3687    .ARM.Collect$$libinit$$00000013  c_p.l(libinit2.o)
    0x08000158   0x08000158   0x00000000   Code   RO         3689    .ARM.Collect$$libinit$$00000015  c_p.l(libinit2.o)
    0x08000158   0x08000158   0x00000000   Code   RO         3691    .ARM.Collect$$libinit$$00000017  c_p.l(libinit2.o)
    0x08000158   0x08000158   0x00000000   Code   RO         3693    .ARM.Collect$$libinit$$00000019  c_p.l(libinit2.o)
    0x08000158   0x08000158   0x00000000   Code   RO         3695    .ARM.Collect$$libinit$$0000001B  c_p.l(libinit2.o)
    0x08000158   0x08000158   0x00000000   Code   RO         3697    .ARM.Collect$$libinit$$0000001D  c_p.l(libinit2.o)
    0x08000158   0x08000158   0x00000000   Code   RO         3699    .ARM.Collect$$libinit$$0000001F  c_p.l(libinit2.o)
    0x08000158   0x08000158   0x00000000   Code   RO         3701    .ARM.Collect$$libinit$$00000021  c_p.l(libinit2.o)
    0x08000158   0x08000158   0x00000000   Code   RO         3703    .ARM.Collect$$libinit$$00000023  c_p.l(libinit2.o)
    0x08000158   0x08000158   0x00000000   Code   RO         3705    .ARM.Collect$$libinit$$00000025  c_p.l(libinit2.o)
    0x08000158   0x08000158   0x00000000   Code   RO         3709    .ARM.Collect$$libinit$$0000002C  c_p.l(libinit2.o)
    0x08000158   0x08000158   0x00000000   Code   RO         3711    .ARM.Collect$$libinit$$0000002E  c_p.l(libinit2.o)
    0x08000158   0x08000158   0x00000000   Code   RO         3713    .ARM.Collect$$libinit$$00000030  c_p.l(libinit2.o)
    0x08000158   0x08000158   0x00000000   Code   RO         3715    .ARM.Collect$$libinit$$00000032  c_p.l(libinit2.o)
    0x08000158   0x08000158   0x00000002   Code   RO         3716    .ARM.Collect$$libinit$$00000033  c_p.l(libinit2.o)
    0x0800015a   0x0800015a   0x00000002   Code   RO         3747    .ARM.Collect$$libshutdown$$00000000  c_p.l(libshutdown.o)
    0x0800015c   0x0800015c   0x00000000   Code   RO         3773    .ARM.Collect$$libshutdown$$00000002  c_p.l(libshutdown2.o)
    0x0800015c   0x0800015c   0x00000000   Code   RO         3775    .ARM.Collect$$libshutdown$$00000004  c_p.l(libshutdown2.o)
    0x0800015c   0x0800015c   0x00000000   Code   RO         3778    .ARM.Collect$$libshutdown$$00000007  c_p.l(libshutdown2.o)
    0x0800015c   0x0800015c   0x00000000   Code   RO         3781    .ARM.Collect$$libshutdown$$0000000A  c_p.l(libshutdown2.o)
    0x0800015c   0x0800015c   0x00000000   Code   RO         3783    .ARM.Collect$$libshutdown$$0000000C  c_p.l(libshutdown2.o)
    0x0800015c   0x0800015c   0x00000000   Code   RO         3786    .ARM.Collect$$libshutdown$$0000000F  c_p.l(libshutdown2.o)
    0x0800015c   0x0800015c   0x00000002   Code   RO         3787    .ARM.Collect$$libshutdown$$00000010  c_p.l(libshutdown2.o)
    0x0800015e   0x0800015e   0x00000000   Code   RO         3576    .ARM.Collect$$rtentry$$00000000  c_p.l(__rtentry.o)
    0x0800015e   0x0800015e   0x00000000   Code   RO         3616    .ARM.Collect$$rtentry$$00000002  c_p.l(__rtentry2.o)
    0x0800015e   0x0800015e   0x00000006   Code   RO         3628    .ARM.Collect$$rtentry$$00000004  c_p.l(__rtentry4.o)
    0x08000164   0x08000164   0x00000000   Code   RO         3618    .ARM.Collect$$rtentry$$00000009  c_p.l(__rtentry2.o)
    0x08000164   0x08000164   0x00000004   Code   RO         3619    .ARM.Collect$$rtentry$$0000000A  c_p.l(__rtentry2.o)
    0x08000168   0x08000168   0x00000000   Code   RO         3621    .ARM.Collect$$rtentry$$0000000C  c_p.l(__rtentry2.o)
    0x08000168   0x08000168   0x00000008   Code   RO         3622    .ARM.Collect$$rtentry$$0000000D  c_p.l(__rtentry2.o)
    0x08000170   0x08000170   0x00000002   Code   RO         3664    .ARM.Collect$$rtexit$$00000000  c_p.l(rtexit.o)
    0x08000172   0x08000172   0x00000000   Code   RO         3720    .ARM.Collect$$rtexit$$00000002  c_p.l(rtexit2.o)
    0x08000172   0x08000172   0x00000004   Code   RO         3721    .ARM.Collect$$rtexit$$00000003  c_p.l(rtexit2.o)
    0x08000176   0x08000176   0x00000006   Code   RO         3722    .ARM.Collect$$rtexit$$00000004  c_p.l(rtexit2.o)
    0x0800017c   0x0800017c   0x00000038   Code   RO            4    .text               startup_stm32g031xx.o
    0x080001b4   0x080001b4   0x00000028   Code   RO         3495    .text               c_p.l(noretval__2sprintf.o)
    0x080001dc   0x080001dc   0x0000004e   Code   RO         3499    .text               c_p.l(_printf_pad.o)
    0x0800022a   0x0800022a   0x00000002   PAD
    0x0800022c   0x0800022c   0x0000006c   Code   RO         3501    .text               c_p.l(_printf_dec.o)
    0x08000298   0x08000298   0x00000188   Code   RO         3520    .text               c_p.l(__printf_flags_ss_wp.o)
    0x08000420   0x08000420   0x00000040   Code   RO         3526    .text               c_p.l(rt_memclr.o)
    0x08000460   0x08000460   0x0000015a   Code   RO         3528    .text               c_p.l(aeabi_sdiv.o)
    0x080005ba   0x080005ba   0x00000006   Code   RO         3532    .text               c_p.l(heapauxi.o)
    0x080005c0   0x080005c0   0x0000007c   Code   RO         3536    .text               fz_ps.l(d2f.o)
    0x0800063c   0x0800063c   0x00000358   Code   RO         3538    .text               fz_ps.l(daddsub.o)
    0x08000994   0x08000994   0x00000448   Code   RO         3540    .text               fz_ps.l(ddiv.o)
    0x08000ddc   0x08000ddc   0x00000058   Code   RO         3543    .text               fz_ps.l(dflti.o)
    0x08000e34   0x08000e34   0x00000054   Code   RO         3545    .text               fz_ps.l(f2d.o)
    0x08000e88   0x08000e88   0x00000160   Code   RO         3553    .text               fz_ps.l(fdiv.o)
    0x08000fe8   0x08000fe8   0x0000004c   Code   RO         3556    .text               fz_ps.l(ffixi.o)
    0x08001034   0x08001034   0x0000005e   Code   RO         3558    .text               fz_ps.l(fflti.o)
    0x08001092   0x08001092   0x00000002   PAD
    0x08001094   0x08001094   0x00000044   Code   RO         3564    .text               fz_ps.l(fscalbn.o)
    0x080010d8   0x080010d8   0x00000016   Code   RO         3581    .text               c_p.l(_rserrno.o)
    0x080010ee   0x080010ee   0x000000b0   Code   RO         3583    .text               c_p.l(_printf_intcommon.o)
    0x0800119e   0x0800119e   0x00000002   PAD
    0x080011a0   0x080011a0   0x00000030   Code   RO         3585    .text               c_p.l(_printf_char_common.o)
    0x080011d0   0x080011d0   0x0000000a   Code   RO         3587    .text               c_p.l(_sputc.o)
    0x080011da   0x080011da   0x00000028   Code   RO         3590    .text               c_p.l(rtudiv10.o)
    0x08001202   0x08001202   0x00000002   PAD
    0x08001204   0x08001204   0x00000064   Code   RO         3592    .text               fz_ps.l(fcmpin.o)
    0x08001268   0x08001268   0x0000008a   Code   RO         3594    .text               fz_ps.l(ffixir.o)
    0x080012f2   0x080012f2   0x00000002   PAD
    0x080012f4   0x080012f4   0x00000008   Code   RO         3635    .text               c_p.l(rt_errno_addr_intlibspace.o)
    0x080012fc   0x080012fc   0x0000002e   Code   RO         3639    .text               fz_ps.l(cmpret.o)
    0x0800132a   0x0800132a   0x00000002   PAD
    0x0800132c   0x0800132c   0x00000010   Code   RO         3641    .text               fz_ps.l(fnan2.o)
    0x0800133c   0x0800133c   0x00000008   Code   RO         3643    .text               c_p.l(libspace.o)
    0x08001344   0x08001344   0x0000003e   Code   RO         3646    .text               c_p.l(sys_stackheap_outer.o)
    0x08001382   0x08001382   0x00000010   Code   RO         3649    .text               c_p.l(exit.o)
    0x08001392   0x08001392   0x0000005e   Code   RO         3661    .text               fz_ps.l(retnan.o)
    0x080013f0   0x080013f0   0x0000000c   Code   RO         3717    .text               c_p.l(sys_exit.o)
    0x080013fc   0x080013fc   0x00000002   Code   RO         3736    .text               c_p.l(use_no_semi.o)
    0x080013fe   0x080013fe   0x00000000   Code   RO         3738    .text               c_p.l(indicate_semi.o)
    0x080013fe   0x080013fe   0x00000002   PAD
    0x08001400   0x08001400   0x00000018   Code   RO          504    i.Button_ConsumePress  button.o
    0x08001418   0x08001418   0x00000040   Code   RO          505    i.Button_Process    button.o
    0x08001458   0x08001458   0x00000054   Code   RO          391    i.DPS368_Init       dps368.o
    0x080014ac   0x080014ac   0x00000030   Code   RO          392    i.DPS368_PressureToRelativeAltitudeM  dps368.o
    0x080014dc   0x080014dc   0x000000fc   Code   RO          393    i.DPS368_ReadCompensated  dps368.o
    0x080015d8   0x080015d8   0x000000d8   Code   RO          455    i.DrawChar          ssd1309.o
    0x080016b0   0x080016b0   0x00000010   Code   RO          561    i.EnterArmedIdle    altimeter_fsm.o
    0x080016c0   0x080016c0   0x0000001c   Code   RO          562    i.EnterMotorRun     altimeter_fsm.o
    0x080016dc   0x080016dc   0x00000010   Code   RO          563    i.EnterRecordWindow  altimeter_fsm.o
    0x080016ec   0x080016ec   0x00000004   Code   RO           12    i.Error_Handler     main.o
    0x080016f0   0x080016f0   0x00000014   Code   RO         1455    i.FLASH_MassErase   stm32g0xx_hal_flash_ex.o
    0x08001704   0x08001704   0x00000020   Code   RO         1459    i.FLASH_PageErase   stm32g0xx_hal_flash_ex.o
    0x08001724   0x08001724   0x0000001c   Code   RO         1349    i.FLASH_Program_DoubleWord  stm32g0xx_hal_flash.o
    0x08001740   0x08001740   0x00000034   Code   RO         1350    i.FLASH_Program_Fast  stm32g0xx_hal_flash.o
    0x08001774   0x08001774   0x00000068   Code   RO         1351    i.FLASH_WaitForLastOperation  stm32g0xx_hal_flash.o
    0x080017dc   0x080017dc   0x00000060   Code   RO          564    i.FSM_Init          altimeter_fsm.o
    0x0800183c   0x0800183c   0x00000194   Code   RO          565    i.FSM_Tick          altimeter_fsm.o
    0x080019d0   0x080019d0   0x00000010   Code   RO          566    i.FormatInt         altimeter_fsm.o
    0x080019e0   0x080019e0   0x00000030   Code   RO          567    i.FormatMmSs        altimeter_fsm.o
    0x08001a10   0x08001a10   0x00000024   Code   RO         2161    i.HAL_Delay         stm32g0xx_hal.o
    0x08001a34   0x08001a34   0x00000088   Code   RO         1463    i.HAL_FLASHEx_Erase  stm32g0xx_hal_flash_ex.o
    0x08001abc   0x08001abc   0x00000028   Code   RO         1355    i.HAL_FLASH_Lock    stm32g0xx_hal_flash.o
    0x08001ae4   0x08001ae4   0x00000060   Code   RO         1360    i.HAL_FLASH_Program  stm32g0xx_hal_flash.o
    0x08001b44   0x08001b44   0x00000028   Code   RO         1362    i.HAL_FLASH_Unlock  stm32g0xx_hal_flash.o
    0x08001b6c   0x08001b6c   0x0000015c   Code   RO         1558    i.HAL_GPIO_Init     stm32g0xx_hal_gpio.o
    0x08001cc8   0x08001cc8   0x0000000a   Code   RO         1560    i.HAL_GPIO_ReadPin  stm32g0xx_hal_gpio.o
    0x08001cd2   0x08001cd2   0x00000010   Code   RO         1561    i.HAL_GPIO_TogglePin  stm32g0xx_hal_gpio.o
    0x08001ce2   0x08001ce2   0x0000000c   Code   RO         1562    i.HAL_GPIO_WritePin  stm32g0xx_hal_gpio.o
    0x08001cee   0x08001cee   0x00000002   PAD
    0x08001cf0   0x08001cf0   0x0000000c   Code   RO         2165    i.HAL_GetTick       stm32g0xx_hal.o
    0x08001cfc   0x08001cfc   0x0000004a   Code   RO         1139    i.HAL_I2CEx_ConfigAnalogFilter  stm32g0xx_hal_i2c_ex.o
    0x08001d46   0x08001d46   0x00000048   Code   RO         1140    i.HAL_I2CEx_ConfigDigitalFilter  stm32g0xx_hal_i2c_ex.o
    0x08001d8e   0x08001d8e   0x00000002   PAD
    0x08001d90   0x08001d90   0x000000bc   Code   RO          682    i.HAL_I2C_Init      stm32g0xx_hal_i2c.o
    0x08001e4c   0x08001e4c   0x00000154   Code   RO          700    i.HAL_I2C_Mem_Read  stm32g0xx_hal_i2c.o
    0x08001fa0   0x08001fa0   0x0000014c   Code   RO          703    i.HAL_I2C_Mem_Write  stm32g0xx_hal_i2c.o
    0x080020ec   0x080020ec   0x000000b4   Code   RO          243    i.HAL_I2C_MspInit   stm32g0xx_hal_msp.o
    0x080021a0   0x080021a0   0x00000010   Code   RO         2171    i.HAL_IncTick       stm32g0xx_hal.o
    0x080021b0   0x080021b0   0x00000028   Code   RO         2172    i.HAL_Init          stm32g0xx_hal.o
    0x080021d8   0x080021d8   0x00000048   Code   RO         2173    i.HAL_InitTick      stm32g0xx_hal.o
    0x08002220   0x08002220   0x0000002c   Code   RO          244    i.HAL_MspInit       stm32g0xx_hal_msp.o
    0x0800224c   0x0800224c   0x00000018   Code   RO         2039    i.HAL_NVIC_EnableIRQ  stm32g0xx_hal_cortex.o
    0x08002264   0x08002264   0x00000008   Code   RO         2043    i.HAL_NVIC_SetPriority  stm32g0xx_hal_cortex.o
    0x0800226c   0x0800226c   0x0000004c   Code   RO         1857    i.HAL_PWREx_ControlVoltageScaling  stm32g0xx_hal_pwr_ex.o
    0x080022b8   0x080022b8   0x000001b0   Code   RO         1306    i.HAL_RCCEx_PeriphCLKConfig  stm32g0xx_hal_rcc_ex.o
    0x08002468   0x08002468   0x00000158   Code   RO         1190    i.HAL_RCC_ClockConfig  stm32g0xx_hal_rcc.o
    0x080025c0   0x080025c0   0x0000008c   Code   RO         1200    i.HAL_RCC_GetSysClockFreq  stm32g0xx_hal_rcc.o
    0x0800264c   0x0800264c   0x000003e8   Code   RO         1204    i.HAL_RCC_OscConfig  stm32g0xx_hal_rcc.o
    0x08002a34   0x08002a34   0x00000030   Code   RO         2047    i.HAL_SYSTICK_Config  stm32g0xx_hal_cortex.o
    0x08002a64   0x08002a64   0x00000002   Code   RO         3160    i.HAL_TIMEx_Break2Callback  stm32g0xx_hal_tim_ex.o
    0x08002a66   0x08002a66   0x00000002   Code   RO         3161    i.HAL_TIMEx_BreakCallback  stm32g0xx_hal_tim_ex.o
    0x08002a68   0x08002a68   0x00000002   Code   RO         3162    i.HAL_TIMEx_CommutCallback  stm32g0xx_hal_tim_ex.o
    0x08002a6a   0x08002a6a   0x00000002   PAD
    0x08002a6c   0x08002a6c   0x0000006c   Code   RO         3183    i.HAL_TIMEx_MasterConfigSynchronization  stm32g0xx_hal_tim_ex.o
    0x08002ad8   0x08002ad8   0x00000090   Code   RO          292    i.HAL_TIM_IC_CaptureCallback  throttle.o
    0x08002b68   0x08002b68   0x00000140   Code   RO         2486    i.HAL_TIM_IC_ConfigChannel  stm32g0xx_hal_tim.o
    0x08002ca8   0x08002ca8   0x0000004c   Code   RO         2489    i.HAL_TIM_IC_Init   stm32g0xx_hal_tim.o
    0x08002cf4   0x08002cf4   0x00000064   Code   RO          246    i.HAL_TIM_IC_MspInit  stm32g0xx_hal_msp.o
    0x08002d58   0x08002d58   0x000000ec   Code   RO         2494    i.HAL_TIM_IC_Start_IT  stm32g0xx_hal_tim.o
    0x08002e44   0x08002e44   0x00000148   Code   RO         2498    i.HAL_TIM_IRQHandler  stm32g0xx_hal_tim.o
    0x08002f8c   0x08002f8c   0x00000048   Code   RO          247    i.HAL_TIM_MspPostInit  stm32g0xx_hal_msp.o
    0x08002fd4   0x08002fd4   0x00000002   Code   RO         2501    i.HAL_TIM_OC_DelayElapsedCallback  stm32g0xx_hal_tim.o
    0x08002fd6   0x08002fd6   0x00000128   Code   RO         2522    i.HAL_TIM_PWM_ConfigChannel  stm32g0xx_hal_tim.o
    0x080030fe   0x080030fe   0x0000004c   Code   RO         2525    i.HAL_TIM_PWM_Init  stm32g0xx_hal_tim.o
    0x0800314a   0x0800314a   0x00000002   Code   RO         2527    i.HAL_TIM_PWM_MspInit  stm32g0xx_hal_tim.o
    0x0800314c   0x0800314c   0x00000002   Code   RO         2528    i.HAL_TIM_PWM_PulseFinishedCallback  stm32g0xx_hal_tim.o
    0x0800314e   0x0800314e   0x00000002   PAD
    0x08003150   0x08003150   0x000000c8   Code   RO         2530    i.HAL_TIM_PWM_Start  stm32g0xx_hal_tim.o
    0x08003218   0x08003218   0x00000002   Code   RO         2536    i.HAL_TIM_PeriodElapsedCallback  stm32g0xx_hal_tim.o
    0x0800321a   0x0800321a   0x0000002c   Code   RO         2538    i.HAL_TIM_ReadCapturedValue  stm32g0xx_hal_tim.o
    0x08003246   0x08003246   0x00000002   Code   RO         2541    i.HAL_TIM_TriggerCallback  stm32g0xx_hal_tim.o
    0x08003248   0x08003248   0x00000002   Code   RO          188    i.HardFault_Handler  stm32g0xx_it.o
    0x0800324a   0x0800324a   0x00000022   Code   RO          729    i.I2C_Flush_TXDR    stm32g0xx_hal_i2c.o
    0x0800326c   0x0800326c   0x00000110   Code   RO          737    i.I2C_IsErrorOccurred  stm32g0xx_hal_i2c.o
    0x0800337c   0x0800337c   0x00000060   Code   RO          742    i.I2C_RequestMemoryRead  stm32g0xx_hal_i2c.o
    0x080033dc   0x080033dc   0x00000060   Code   RO          743    i.I2C_RequestMemoryWrite  stm32g0xx_hal_i2c.o
    0x0800343c   0x0800343c   0x0000002c   Code   RO          746    i.I2C_TransferConfig  stm32g0xx_hal_i2c.o
    0x08003468   0x08003468   0x00000072   Code   RO          748    i.I2C_WaitOnFlagUntilTimeout  stm32g0xx_hal_i2c.o
    0x080034da   0x080034da   0x00000056   Code   RO          750    i.I2C_WaitOnSTOPFlagUntilTimeout  stm32g0xx_hal_i2c.o
    0x08003530   0x08003530   0x0000005a   Code   RO          751    i.I2C_WaitOnTXISFlagUntilTimeout  stm32g0xx_hal_i2c.o
    0x0800358a   0x0800358a   0x00000002   PAD
    0x0800358c   0x0800358c   0x00000068   Code   RO           13    i.MX_GPIO_Init      main.o
    0x080035f4   0x080035f4   0x00000058   Code   RO           14    i.MX_I2C1_Init      main.o
    0x0800364c   0x0800364c   0x00000058   Code   RO           15    i.MX_I2C2_Init      main.o
    0x080036a4   0x080036a4   0x000000b4   Code   RO           16    i.MX_TIM2_Init      main.o
    0x08003758   0x08003758   0x00000002   Code   RO          189    i.NMI_Handler       stm32g0xx_it.o
    0x0800375a   0x0800375a   0x0000001a   Code   RO          568    i.PassThroughOrIdle  altimeter_fsm.o
    0x08003774   0x08003774   0x00000002   Code   RO          190    i.PendSV_Handler    stm32g0xx_it.o
    0x08003776   0x08003776   0x00000034   Code   RO          395    i.ReadRaw24         dps368.o
    0x080037aa   0x080037aa   0x00000020   Code   RO          396    i.ReadRegs          dps368.o
    0x080037ca   0x080037ca   0x00000002   PAD
    0x080037cc   0x080037cc   0x00000098   Code   RO          569    i.RedrawArmedIdle   altimeter_fsm.o
    0x08003864   0x08003864   0x0000001c   Code   RO          570    i.RedrawIfDue       altimeter_fsm.o
    0x08003880   0x08003880   0x00000074   Code   RO          571    i.RedrawMotorRun    altimeter_fsm.o
    0x080038f4   0x080038f4   0x0000000a   Code   RO          572    i.RedrawMotorRunNormal  altimeter_fsm.o
    0x080038fe   0x080038fe   0x0000000a   Code   RO          573    i.RedrawMotorRunRecording  altimeter_fsm.o
    0x08003908   0x08003908   0x00000068   Code   RO          574    i.RedrawResultHold  altimeter_fsm.o
    0x08003970   0x08003970   0x0000001e   Code   RO          575    i.RoundToInt        altimeter_fsm.o
    0x0800398e   0x0800398e   0x00000002   PAD
    0x08003990   0x08003990   0x00000014   Code   RO          456    i.SSD1309_Clear     ssd1309.o
    0x080039a4   0x080039a4   0x00000028   Code   RO          457    i.SSD1309_DrawString  ssd1309.o
    0x080039cc   0x080039cc   0x00000054   Code   RO          458    i.SSD1309_Init      ssd1309.o
    0x08003a20   0x08003a20   0x00000028   Code   RO          459    i.SSD1309_UpdateScreen  ssd1309.o
    0x08003a48   0x08003a48   0x00000002   Code   RO          191    i.SVC_Handler       stm32g0xx_it.o
    0x08003a4a   0x08003a4a   0x00000002   PAD
    0x08003a4c   0x08003a4c   0x00000028   Code   RO          532    i.Settings_Load     settings.o
    0x08003a74   0x08003a74   0x00000058   Code   RO          533    i.Settings_Save     settings.o
    0x08003acc   0x08003acc   0x00000008   Code   RO          192    i.SysTick_Handler   stm32g0xx_it.o
    0x08003ad4   0x08003ad4   0x0000005a   Code   RO           17    i.SystemClock_Config  main.o
    0x08003b2e   0x08003b2e   0x00000002   Code   RO         3460    i.SystemInit        system_stm32g0xx.o
    0x08003b30   0x08003b30   0x00000010   Code   RO          193    i.TIM2_IRQHandler   stm32g0xx_it.o
    0x08003b40   0x08003b40   0x00000090   Code   RO         2543    i.TIM_Base_SetConfig  stm32g0xx_hal_tim.o
    0x08003bd0   0x08003bd0   0x0000001a   Code   RO         2544    i.TIM_CCxChannelCmd  stm32g0xx_hal_tim.o
    0x08003bea   0x08003bea   0x00000002   PAD
    0x08003bec   0x08003bec   0x00000080   Code   RO         2556    i.TIM_OC1_SetConfig  stm32g0xx_hal_tim.o
    0x08003c6c   0x08003c6c   0x00000080   Code   RO         2557    i.TIM_OC2_SetConfig  stm32g0xx_hal_tim.o
    0x08003cec   0x08003cec   0x00000080   Code   RO         2558    i.TIM_OC3_SetConfig  stm32g0xx_hal_tim.o
    0x08003d6c   0x08003d6c   0x00000068   Code   RO         2559    i.TIM_OC4_SetConfig  stm32g0xx_hal_tim.o
    0x08003dd4   0x08003dd4   0x0000005c   Code   RO         2560    i.TIM_OC5_SetConfig  stm32g0xx_hal_tim.o
    0x08003e30   0x08003e30   0x00000064   Code   RO         2561    i.TIM_OC6_SetConfig  stm32g0xx_hal_tim.o
    0x08003e94   0x08003e94   0x0000006c   Code   RO         2564    i.TIM_TI1_SetConfig  stm32g0xx_hal_tim.o
    0x08003f00   0x08003f00   0x00000048   Code   RO         2566    i.TIM_TI2_SetConfig  stm32g0xx_hal_tim.o
    0x08003f48   0x08003f48   0x00000018   Code   RO          293    i.Throttle_ForceIdle  throttle.o
    0x08003f60   0x08003f60   0x0000000c   Code   RO          294    i.Throttle_GetPulseUs  throttle.o
    0x08003f6c   0x08003f6c   0x00000034   Code   RO          295    i.Throttle_Init     throttle.o
    0x08003fa0   0x08003fa0   0x00000028   Code   RO          297    i.Throttle_IsMotorCommandedOn  throttle.o
    0x08003fc8   0x08003fc8   0x0000000c   Code   RO          298    i.Throttle_IsSignalValid  throttle.o
    0x08003fd4   0x08003fd4   0x0000002c   Code   RO          299    i.Throttle_Process  throttle.o
    0x08004000   0x08004000   0x00000028   Code   RO          300    i.Throttle_SetOutput  throttle.o
    0x08004028   0x08004028   0x00000018   Code   RO          397    i.TwosComplement    dps368.o
    0x08004040   0x08004040   0x00000034   Code   RO          576    i.UpdateAltitudeIfDue  altimeter_fsm.o
    0x08004074   0x08004074   0x00000014   Code   RO          365    i.WDI_Init          watchdog_kick.o
    0x08004088   0x08004088   0x00000010   Code   RO          366    i.WDI_Kick          watchdog_kick.o
    0x08004098   0x08004098   0x0000001a   Code   RO          656    i.__ARM_common_switch8  altimeter_fsm.o
    0x080040b2   0x080040b2   0x00000022   Code   RO         3599    i.__ARM_fpclassifyf  m_ps.l(fpclassifyf.o)
    0x080040d4   0x080040d4   0x00000044   Code   RO         2049    i.__NVIC_SetPriority  stm32g0xx_hal_cortex.o
    0x08004118   0x08004118   0x0000000e   Code   RO         3601    i.__mathlib_flt_divzero  m_ps.l(funder.o)
    0x08004126   0x08004126   0x00000008   Code   RO         3603    i.__mathlib_flt_infnan2  m_ps.l(funder.o)
    0x0800412e   0x0800412e   0x0000000c   Code   RO         3604    i.__mathlib_flt_invalid  m_ps.l(funder.o)
    0x0800413a   0x0800413a   0x0000000e   Code   RO         3605    i.__mathlib_flt_overflow  m_ps.l(funder.o)
    0x08004148   0x08004148   0x0000000e   Code   RO         3607    i.__mathlib_flt_underflow  m_ps.l(funder.o)
    0x08004156   0x08004156   0x0000000e   Code   RO         3513    i._is_digit         c_p.l(__printf_wp.o)
    0x08004164   0x08004164   0x00000036   Code   RO           18    i.main              main.o
    0x0800419a   0x0800419a   0x00000002   PAD
    0x0800419c   0x0800419c   0x00000620   Code   RO         3567    i.powf              m_ps.l(powf.o)
    0x080047bc   0x080047bc   0x0000008c   Code   RO         3547    x$fpl$fadd          fz_ps.l(faddsub.o)
    0x08004848   0x08004848   0x000000b0   Code   RO         3560    x$fpl$fmul          fz_ps.l(fmul.o)
    0x080048f8   0x080048f8   0x00000058   Code   RO         3562    x$fpl$frleqf        fz_ps.l(frlef.o)
    0x08004950   0x08004950   0x00000018   Code   RO         3548    x$fpl$frsb          fz_ps.l(faddsub.o)
    0x08004968   0x08004968   0x000000d0   Code   RO         3549    x$fpl$fsub          fz_ps.l(faddsub.o)
    0x08004a38   0x08004a38   0x00000000   Code   RO         3598    x$fpl$usenofp       fz_ps.l(usenofp.o)
    0x08004a38   0x08004a38   0x00000111   Data   RO          461    .constdata          ssd1309.o
    0x08004b49   0x08004b49   0x00000003   PAD
    0x08004b4c   0x08004b4c   0x00000010   Data   RO          578    .constdata          altimeter_fsm.o
    0x08004b5c   0x08004b5c   0x00000040   Data   RO         3461    .constdata          system_stm32g0xx.o
    0x08004b9c   0x08004b9c   0x00000011   Data   RO         3521    .constdata          c_p.l(__printf_flags_ss_wp.o)
    0x08004bad   0x08004bad   0x00000080   Data   RO         3541    .constdata          fz_ps.l(ddiv.o)
    0x08004c2d   0x08004c2d   0x00000040   Data   RO         3554    .constdata          fz_ps.l(fdiv.o)
    0x08004c6d   0x08004c6d   0x00000003   PAD
    0x08004c70   0x08004c70   0x00000140   Data   RO         3568    .constdata          m_ps.l(powf.o)
    0x08004db0   0x08004db0   0x00000020   Data   RO         3788    Region$$Table       anon$$obj.o


    Execution Region RW_IRAM1 (Exec base: 0x20000000, Load base: 0x08004dd0, Size: 0x00000c08, Max: 0x00002000, ABSOLUTE)

    Exec Addr    Load Addr    Size         Type   Attr      Idx    E Section Name        Object

    0x20000000   0x08004dd0   0x00000010   Data   RW          301    .data               throttle.o
    0x20000010   0x08004de0   0x00000004   Data   RW          462    .data               ssd1309.o
    0x20000014   0x08004de4   0x00000008   Data   RW          506    .data               button.o
    0x2000001c   0x08004dec   0x00000004   PAD
    0x20000020   0x08004df0   0x00000038   Data   RW          579    .data               altimeter_fsm.o
    0x20000058   0x08004e28   0x0000000c   Data   RW         2190    .data               stm32g0xx_hal.o
    0x20000064   0x08004e34   0x00000004   Data   RW         3463    .data               system_stm32g0xx.o
    0x20000068        -       0x000000f4   Zero   RW           19    .bss                main.o
    0x2000015c        -       0x00000400   Zero   RW          460    .bss                ssd1309.o
    0x2000055c        -       0x00000030   Zero   RW          577    .bss                altimeter_fsm.o
    0x2000058c        -       0x0000001c   Zero   RW         1363    .bss                stm32g0xx_hal_flash.o
    0x200005a8        -       0x00000060   Zero   RW         3644    .bss                c_p.l(libspace.o)
    0x20000608        -       0x00000200   Zero   RW            2    HEAP                startup_stm32g031xx.o
    0x20000808        -       0x00000400   Zero   RW            1    STACK               startup_stm32g031xx.o


==============================================================================

Image component sizes


      Code (inc. data)   RO Data    RW Data    ZI Data      Debug   Object Name

      1178        186         16         56         48      10868   altimeter_fsm.o
        88          8          0          8          0       1355   button.o
       492         14          0          0          0       5608   dps368.o
       608         44          0          0        244     422965   main.o
       128         20          0          0          0       1768   settings.o
       400         32        273          4       1024       5021   ssd1309.o
        56         26        192          0       1536        644   startup_stm32g031xx.o
       176         26          0         12          0      17785   stm32g0xx_hal.o
       148         24          0          0          0      12125   stm32g0xx_hal_cortex.o
       360         56          0          0         28      19070   stm32g0xx_hal_flash.o
       188         26          0          0          0       3478   stm32g0xx_hal_flash_ex.o
       386         18          0          0          0       3196   stm32g0xx_hal_gpio.o
      1692         40          0          0          0      11998   stm32g0xx_hal_i2c.o
       146          0          0          0          0       1919   stm32g0xx_hal_i2c_ex.o
       396         30          0          0          0       3043   stm32g0xx_hal_msp.o
        76         14          0          0          0        746   stm32g0xx_hal_pwr_ex.o
      1484         74          0          0          0       4742   stm32g0xx_hal_rcc.o
       432         12          0          0          0       1716   stm32g0xx_hal_rcc_ex.o
      2616        194          0          0          0      18192   stm32g0xx_hal_tim.o
       114         10          0          0          0       3004   stm32g0xx_hal_tim_ex.o
        32          6          0          0          0       2617   stm32g0xx_it.o
         2          0         64          4          0       1131   system_stm32g0xx.o
       368         72          0         16          0       5913   throttle.o
        36         10          0          0          0        886   watchdog_kick.o

    ----------------------------------------------------------------------
     11622        942        580        104       2880     559790   Object Totals
         0          0         32          0          0          0   (incl. Generated)
        20          0          3          4          0          0   (incl. Padding)

    ----------------------------------------------------------------------

      Code (inc. data)   RO Data    RW Data    ZI Data      Debug   Library Member Name

         8          0          0          0          0         68   __main.o
       392          6         17          0          0         76   __printf_flags_ss_wp.o
        14          0          0          0          0         60   __printf_wp.o
         0          0          0          0          0          0   __rtentry.o
        12          0          0          0          0          0   __rtentry2.o
         6          0          0          0          0          0   __rtentry4.o
        60          8          0          0          0          0   __scatter.o
        26          0          0          0          0          0   __scatter_copy.o
        28          0          0          0          0          0   __scatter_zi.o
        48          6          0          0          0         88   _printf_char_common.o
        10          0          0          0          0          0   _printf_d.o
       108         18          0          0          0         76   _printf_dec.o
       176          0          0          0          0         84   _printf_intcommon.o
        78          0          0          0          0        100   _printf_pad.o
         2          0          0          0          0          0   _printf_percent.o
         4          0          0          0          0          0   _printf_percent_end.o
        10          0          0          0          0          0   _printf_u.o
        22          0          0          0          0         92   _rserrno.o
        10          0          0          0          0         60   _sputc.o
       346          0          0          0          0         92   aeabi_sdiv.o
        16          0          0          0          0         68   exit.o
         6          0          0          0          0        136   heapauxi.o
         0          0          0          0          0          0   indicate_semi.o
         2          0          0          0          0          0   libinit.o
         2          0          0          0          0          0   libinit2.o
         2          0          0          0          0          0   libshutdown.o
         2          0          0          0          0          0   libshutdown2.o
         8          4          0          0         96         68   libspace.o
        40          4          0          0          0         84   noretval__2sprintf.o
         8          4          0          0          0         68   rt_errno_addr_intlibspace.o
        64          0          0          0          0        108   rt_memclr.o
         2          0          0          0          0          0   rtexit.o
        10          0          0          0          0          0   rtexit2.o
        40          0          0          0          0         60   rtudiv10.o
        12          4          0          0          0         60   sys_exit.o
        62          0          0          0          0         80   sys_stackheap_outer.o
         2          0          0          0          0         68   use_no_semi.o
        46          0          0          0          0         60   cmpret.o
       124          4          0          0          0         72   d2f.o
       856         20          0          0          0        208   daddsub.o
      1096         26        128          0          0        112   ddiv.o
        88          0          0          0          0         92   dflti.o
        84          4          0          0          0         60   f2d.o
       372          8          0          0          0        240   faddsub.o
       100          4          0          0          0         68   fcmpin.o
       352         10         64          0          0         92   fdiv.o
        76          0          0          0          0         68   ffixi.o
       138          0          0          0          0         72   ffixir.o
        94          0          0          0          0         92   fflti.o
       176          4          0          0          0         80   fmul.o
        16          6          0          0          0         68   fnan2.o
        88          4          0          0          0         76   frlef.o
        68          4          0          0          0         68   fscalbn.o
        94          0          0          0          0         68   retnan.o
         0          0          0          0          0          0   usenofp.o
        34          0          0          0          0         60   fpclassifyf.o
        62          0          0          0          0        340   funder.o
      1568         92        320          0          0        172   powf.o

    ----------------------------------------------------------------------
      7186        240        532          0         96       3764   Library Totals
        16          0          3          0          0          0   (incl. Padding)

    ----------------------------------------------------------------------

      Code (inc. data)   RO Data    RW Data    ZI Data      Debug   Library Name

      1638         54         17          0         96       1596   c_p.l
      3868         94        192          0          0       1596   fz_ps.l
      1664         92        320          0          0        572   m_ps.l

    ----------------------------------------------------------------------
      7186        240        532          0         96       3764   Library Totals

    ----------------------------------------------------------------------

==============================================================================


      Code (inc. data)   RO Data    RW Data    ZI Data      Debug   

     18808       1182       1112        104       2976     556278   Grand Totals
     18808       1182       1112        104       2976     556278   ELF Image Totals
     18808       1182       1112        104          0          0   ROM Totals

==============================================================================

    Total RO  Size (Code + RO Data)                19920 (  19.45kB)
    Total RW  Size (RW Data + ZI Data)              3080 (   3.01kB)
    Total ROM Size (Code + RO Data + RW Data)      20024 (  19.55kB)

==============================================================================

